Component: ARM Compiler 5.06 update 3 (build 300) Tool: armlink [4d35c9]

==============================================================================

Section Cross References

    startup_stm32f10x_md.o(STACK) refers (Special) to heapauxi.o(.text) for __use_two_region_memory
    startup_stm32f10x_md.o(HEAP) refers (Special) to heapauxi.o(.text) for __use_two_region_memory
    startup_stm32f10x_md.o(RESET) refers (Special) to heapauxi.o(.text) for __use_two_region_memory
    startup_stm32f10x_md.o(RESET) refers to startup_stm32f10x_md.o(STACK) for __initial_sp
    startup_stm32f10x_md.o(RESET) refers to startup_stm32f10x_md.o(.text) for Reset_Handler
    startup_stm32f10x_md.o(RESET) refers to stm32f10x_it.o(i.NMI_Handler) for NMI_Handler
    startup_stm32f10x_md.o(RESET) refers to stm32f10x_it.o(i.HardFault_Handler) for HardFault_Handler
    startup_stm32f10x_md.o(RESET) refers to stm32f10x_it.o(i.MemManage_Handler) for MemManage_Handler
    startup_stm32f10x_md.o(RESET) refers to stm32f10x_it.o(i.BusFault_Handler) for BusFault_Handler
    startup_stm32f10x_md.o(RESET) refers to stm32f10x_it.o(i.UsageFault_Handler) for UsageFault_Handler
    startup_stm32f10x_md.o(RESET) refers to stm32f10x_it.o(i.SVC_Handler) for SVC_Handler
    startup_stm32f10x_md.o(RESET) refers to stm32f10x_it.o(i.DebugMon_Handler) for DebugMon_Handler
    startup_stm32f10x_md.o(RESET) refers to stm32f10x_it.o(i.PendSV_Handler) for PendSV_Handler
    startup_stm32f10x_md.o(RESET) refers to stm32f10x_it.o(i.SysTick_Handler) for SysTick_Handler
    startup_stm32f10x_md.o(RESET) refers to timer.o(i.TIM4_IRQHandler) for TIM4_IRQHandler
    startup_stm32f10x_md.o(RESET) refers to usart2.o(i.USART2_IRQHandler) for USART2_IRQHandler
    startup_stm32f10x_md.o(.text) refers (Special) to heapauxi.o(.text) for __use_two_region_memory
    startup_stm32f10x_md.o(.text) refers to system_stm32f10x.o(i.SystemInit) for SystemInit
    startup_stm32f10x_md.o(.text) refers to __main.o(!!!main) for __main
    startup_stm32f10x_md.o(.text) refers to startup_stm32f10x_md.o(HEAP) for Heap_Mem
    startup_stm32f10x_md.o(.text) refers to startup_stm32f10x_md.o(STACK) for Stack_Mem
    system_stm32f10x.o(i.SetSysClock) refers to system_stm32f10x.o(i.SetSysClockTo72) for SetSysClockTo72
    system_stm32f10x.o(i.SystemCoreClockUpdate) refers to system_stm32f10x.o(.data) for SystemCoreClock
    system_stm32f10x.o(i.SystemInit) refers to system_stm32f10x.o(i.SetSysClock) for SetSysClock
    stm32f10x_adc.o(i.ADC_DeInit) refers to stm32f10x_rcc.o(i.RCC_APB2PeriphResetCmd) for RCC_APB2PeriphResetCmd
    stm32f10x_bkp.o(i.BKP_DeInit) refers to stm32f10x_rcc.o(i.RCC_BackupResetCmd) for RCC_BackupResetCmd
    stm32f10x_can.o(i.CAN_DeInit) refers to stm32f10x_rcc.o(i.RCC_APB1PeriphResetCmd) for RCC_APB1PeriphResetCmd
    stm32f10x_can.o(i.CAN_GetITStatus) refers to stm32f10x_can.o(i.CheckITStatus) for CheckITStatus
    stm32f10x_cec.o(i.CEC_DeInit) refers to stm32f10x_rcc.o(i.RCC_APB1PeriphResetCmd) for RCC_APB1PeriphResetCmd
    stm32f10x_dac.o(i.DAC_DeInit) refers to stm32f10x_rcc.o(i.RCC_APB1PeriphResetCmd) for RCC_APB1PeriphResetCmd
    stm32f10x_flash.o(i.FLASH_EnableWriteProtection) refers to stm32f10x_flash.o(i.FLASH_WaitForLastOperation) for FLASH_WaitForLastOperation
    stm32f10x_flash.o(i.FLASH_EraseAllBank1Pages) refers to stm32f10x_flash.o(i.FLASH_WaitForLastBank1Operation) for FLASH_WaitForLastBank1Operation
    stm32f10x_flash.o(i.FLASH_EraseAllPages) refers to stm32f10x_flash.o(i.FLASH_WaitForLastOperation) for FLASH_WaitForLastOperation
    stm32f10x_flash.o(i.FLASH_EraseOptionBytes) refers to stm32f10x_flash.o(i.FLASH_GetReadOutProtectionStatus) for FLASH_GetReadOutProtectionStatus
    stm32f10x_flash.o(i.FLASH_EraseOptionBytes) refers to stm32f10x_flash.o(i.FLASH_WaitForLastOperation) for FLASH_WaitForLastOperation
    stm32f10x_flash.o(i.FLASH_ErasePage) refers to stm32f10x_flash.o(i.FLASH_WaitForLastOperation) for FLASH_WaitForLastOperation
    stm32f10x_flash.o(i.FLASH_ProgramHalfWord) refers to stm32f10x_flash.o(i.FLASH_WaitForLastOperation) for FLASH_WaitForLastOperation
    stm32f10x_flash.o(i.FLASH_ProgramOptionByteData) refers to stm32f10x_flash.o(i.FLASH_WaitForLastOperation) for FLASH_WaitForLastOperation
    stm32f10x_flash.o(i.FLASH_ProgramWord) refers to stm32f10x_flash.o(i.FLASH_WaitForLastOperation) for FLASH_WaitForLastOperation
    stm32f10x_flash.o(i.FLASH_ReadOutProtection) refers to stm32f10x_flash.o(i.FLASH_WaitForLastOperation) for FLASH_WaitForLastOperation
    stm32f10x_flash.o(i.FLASH_UserOptionByteConfig) refers to stm32f10x_flash.o(i.FLASH_WaitForLastOperation) for FLASH_WaitForLastOperation
    stm32f10x_flash.o(i.FLASH_WaitForLastBank1Operation) refers to stm32f10x_flash.o(i.FLASH_GetBank1Status) for FLASH_GetBank1Status
    stm32f10x_flash.o(i.FLASH_WaitForLastOperation) refers to stm32f10x_flash.o(i.FLASH_GetBank1Status) for FLASH_GetBank1Status
[...]
    ../clib/heapalloc.c                      0x00000000   Number         0  hguard.o ABSOLUTE
    ../clib/heapalloc.c                      0x00000000   Number         0  free.o ABSOLUTE
    ../clib/heapalloc.c                      0x00000000   Number         0  maybetermalloc1.o ABSOLUTE
    ../clib/heapalloc.c                      0x00000000   Number         0  maybetermalloc2.o ABSOLUTE
    ../clib/heapalloc.c                      0x00000000   Number         0  maybetermalloc1.o ABSOLUTE
    ../clib/heapalloc.c                      0x00000000   Number         0  maybetermalloc2.o ABSOLUTE
    ../clib/heapalloc.c                      0x00000000   Number         0  term_alloc.o ABSOLUTE
    ../clib/heapalloc.c                      0x00000000   Number         0  hrguard.o ABSOLUTE
    ../clib/heapaux.c                        0x00000000   Number         0  heapauxi.o ABSOLUTE
    ../clib/heapaux.c                        0x00000000   Number         0  heapauxa.o ABSOLUTE
    ../clib/libinit.s                        0x00000000   Number         0  libinit2.o ABSOLUTE
    ../clib/libinit.s                        0x00000000   Number         0  libinit.o ABSOLUTE
    ../clib/libinit.s                        0x00000000   Number         0  libshutdown.o ABSOLUTE
    ../clib/libinit.s                        0x00000000   Number         0  libshutdown2.o ABSOLUTE
    ../clib/locale.c                         0x00000000   Number         0  _wcrtomb.o ABSOLUTE
    ../clib/locale.s                         0x00000000   Number         0  lc_ctype_c.o ABSOLUTE
    ../clib/locale.s                         0x00000000   Number         0  lc_numeric_c.o ABSOLUTE
    ../clib/longlong.s                       0x00000000   Number         0  lludiv10.o ABSOLUTE
    ../clib/memcpset.s                       0x00000000   Number         0  rt_memcpy_w.o ABSOLUTE
    ../clib/memcpset.s                       0x00000000   Number         0  strcmpv7m.o ABSOLUTE
    ../clib/memcpset.s                       0x00000000   Number         0  rt_memclr_w.o ABSOLUTE
    ../clib/misc.s                           0x00000000   Number         0  printf_stubs.o ABSOLUTE
    ../clib/printf.c                         0x00000000   Number         0  _printf_charcount.o ABSOLUTE
    ../clib/printf.c                         0x00000000   Number         0  _printf_char_common.o ABSOLUTE
    ../clib/printf.c                         0x00000000   Number         0  _sputc.o ABSOLUTE
    ../clib/printf.c                         0x00000000   Number         0  _printf_char.o ABSOLUTE
    ../clib/printf.c                         0x00000000   Number         0  _printf_char_file.o ABSOLUTE
    ../clib/printf.c                         0x00000000   Number         0  _printf_wctomb.o ABSOLUTE
    ../clib/printf.c                         0x00000000   Number         0  _printf_longlong_dec.o ABSOLUTE
    ../clib/printf.c                         0x00000000   Number         0  _printf_oct_ll.o ABSOLUTE
    ../clib/printf.c                         0x00000000   Number         0  _printf_oct_int.o ABSOLUTE
    ../clib/printf.c                         0x00000000   Number         0  _printf_fp_infnan.o ABSOLUTE
    ../clib/printf.c                         0x00000000   Number         0  _printf_wchar.o ABSOLUTE
    ../clib/printf.c                         0x00000000   Number         0  vsprintf.o ABSOLUTE
    ../clib/printf.c                         0x00000000   Number         0  __2printf.o ABSOLUTE
    ../clib/printf.c                         0x00000000   Number         0  __printf_nopercent.o ABSOLUTE
    ../clib/printf.c                         0x00000000   Number         0  __2sprintf.o ABSOLUTE
    ../clib/printf.c                         0x00000000   Number         0  _printf_oct_int_ll.o ABSOLUTE
    ../clib/printf.c                         0x00000000   Number         0  noretval__2sprintf.o ABSOLUTE
    ../clib/printf.c                         0x00000000   Number         0  __printf.o ABSOLUTE
    ../clib/printf.c                         0x00000000   Number         0  _printf_pad.o ABSOLUTE
    ../clib/printf.c                         0x00000000   Number         0  noretval__2printf.o ABSOLUTE
    ../clib/printf.c                         0x00000000   Number         0  _printf_fp_hex.o ABSOLUTE
    ../clib/printf.c                         0x00000000   Number         0  _printf_str.o ABSOLUTE
    ../clib/printf.c                         0x00000000   Number         0  _printf_dec.o ABSOLUTE
    ../clib/printf.c                         0x00000000   Number         0  _printf_hex_ll.o ABSOLUTE
    ../clib/printf.c                         0x00000000   Number         0  _printf_hex_int.o ABSOLUTE
    ../clib/printf.c                         0x00000000   Number         0  _printf_hex_int_ll.o ABSOLUTE
    ../clib/printf.c                         0x00000000   Number         0  _printf_hex_ptr.o ABSOLUTE
    ../clib/printf.c                         0x00000000   Number         0  _printf_hex_int_ptr.o ABSOLUTE
    ../clib/printf.c                         0x00000000   Number         0  _printf_hex_ll_ptr.o ABSOLUTE
    ../clib/printf.c                         0x00000000   Number         0  _printf_hex_int_ll_ptr.o ABSOLUTE
    ../clib/printf.c                         0x00000000   Number         0  _printf_fp_dec.o ABSOLUTE
    ../clib/printf.c                         0x00000000   Number         0  __printf_flags.o ABSOLUTE
    ../clib/printf.c                         0x00000000   Number         0  __printf_ss.o ABSOLUTE
    ../clib/printf.c                         0x00000000   Number         0  __printf_flags_ss.o ABSOLUTE
    ../clib/printf.c                         0x00000000   Number         0  __printf_wp.o ABSOLUTE
    ../clib/printf.c                         0x00000000   Number         0  __printf_flags_wp.o ABSOLUTE
    ../clib/printf.c                         0x00000000   Number         0  __printf_ss_wp.o ABSOLUTE
    ../clib/printf.c                         0x00000000   Number         0  __printf_flags_ss_wp.o ABSOLUTE
    ../clib/printf.c                         0x00000000   Number         0  _printf_truncate.o ABSOLUTE
    ../clib/printf.c                         0x00000000   Number         0  _printf_intcommon.o ABSOLUTE
    ../clib/printf_percent.s                 0x00000000   Number         0  _printf_i.o ABSOLUTE
    ../clib/printf_percent.s                 0x00000000   Number         0  _printf_lc.o ABSOLUTE
    ../clib/printf_percent.s                 0x00000000   Number         0  _printf_f.o ABSOLUTE
    ../clib/printf_percent.s                 0x00000000   Number         0  _printf_l.o ABSOLUTE
    ../clib/printf_percent.s                 0x00000000   Number         0  _printf_u.o ABSOLUTE
    ../clib/printf_percent.s                 0x00000000   Number         0  _printf_llx.o ABSOLUTE
    ../clib/printf_percent.s                 0x00000000   Number         0  _printf_lld.o ABSOLUTE
    ../clib/printf_percent.s                 0x00000000   Number         0  _printf_d.o ABSOLUTE
    ../clib/printf_percent.s                 0x00000000   Number         0  _printf_percent.o ABSOLUTE
    ../clib/printf_percent.s                 0x00000000   Number         0  _printf_lli.o ABSOLUTE
    ../clib/printf_percent.s                 0x00000000   Number         0  _printf_percent_end.o ABSOLUTE
    ../clib/printf_percent.s                 0x00000000   Number         0  _printf_g.o ABSOLUTE
    ../clib/printf_percent.s                 0x00000000   Number         0  _printf_e.o ABSOLUTE
    ../clib/printf_percent.s                 0x00000000   Number         0  _printf_a.o ABSOLUTE
    ../clib/printf_percent.s                 0x00000000   Number         0  _printf_o.o ABSOLUTE
    ../clib/printf_percent.s                 0x00000000   Number         0  _printf_p.o ABSOLUTE
    ../clib/printf_percent.s                 0x00000000   Number         0  _printf_n.o ABSOLUTE
    ../clib/printf_percent.s                 0x00000000   Number         0  _printf_llo.o ABSOLUTE
    ../clib/printf_percent.s                 0x00000000   Number         0  _printf_c.o ABSOLUTE
    ../clib/printf_percent.s                 0x00000000   Number         0  _printf_x.o ABSOLUTE
    ../clib/printf_percent.s                 0x00000000   Number         0  _printf_ls.o ABSOLUTE
    ../clib/printf_percent.s                 0x00000000   Number         0  _printf_s.o ABSOLUTE
    ../clib/printf_percent.s                 0x00000000   Number         0  _printf_ll.o ABSOLUTE
    ../clib/printf_percent.s                 0x00000000   Number         0  _printf_llu.o ABSOLUTE
    ../clib/signal.c                         0x00000000   Number         0  defsig_rtred_inner.o ABSOLUTE
    ../clib/signal.c                         0x00000000   Number         0  defsig_exit.o ABSOLUTE
    ../clib/signal.c                         0x00000000   Number         0  __raise.o ABSOLUTE
    ../clib/signal.c                         0x00000000   Number         0  defsig_rtmem_formal.o ABSOLUTE
    ../clib/signal.c                         0x00000000   Number         0  defsig_rtmem_outer.o ABSOLUTE
    ../clib/signal.c                         0x00000000   Number         0  defsig_general.o ABSOLUTE
    ../clib/signal.c                         0x00000000   Number         0  defsig_other.o ABSOLUTE
    ../clib/signal.c                         0x00000000   Number         0  defsig_segv_inner.o ABSOLUTE
    ../clib/signal.c                         0x00000000   Number         0  defsig_cppl_inner.o ABSOLUTE
    ../clib/signal.c                         0x00000000   Number         0  defsig_pvfn_inner.o ABSOLUTE
    ../clib/signal.c                         0x00000000   Number         0  defsig_stak_inner.o ABSOLUTE
    ../clib/signal.c                         0x00000000   Number         0  defsig_rtmem_inner.o ABSOLUTE
    ../clib/signal.c                         0x00000000   Number         0  defsig_fpe_inner.o ABSOLUTE
    ../clib/signal.c                         0x00000000   Number         0  defsig_abrt_inner.o ABSOLUTE
    ../clib/signal.c                         0x00000000   Number         0  defsig_rtred_formal.o ABSOLUTE
    ../clib/signal.c                         0x00000000   Number         0  defsig_rtred_outer.o ABSOLUTE
    ../clib/signal.s                         0x00000000   Number         0  defsig.o ABSOLUTE
    ../clib/stdio.c                          0x00000000   Number         0  stdio.o ABSOLUTE
    ../clib/stdio.c                          0x00000000   Number         0  fseek.o ABSOLUTE
    ../clib/stdio.c                          0x00000000   Number         0  fopen_locked.o ABSOLUTE
    ../clib/stdio.c                          0x00000000   Number         0  ftell.o ABSOLUTE
    ../clib/stdio.c                          0x00000000   Number         0  setvbuf_locked.o ABSOLUTE
    ../clib/stdio.c                          0x00000000   Number         0  stdio_streams.o ABSOLUTE
    ../clib/stdio.c                          0x00000000   Number         0  ferror_locked.o ABSOLUTE
    ../clib/stdio.c                          0x00000000   Number         0  ferror.o ABSOLUTE
    ../clib/stdio.c                          0x00000000   Number         0  initio.o ABSOLUTE
    ../clib/stdio.c                          0x00000000   Number         0  initio_locked.o ABSOLUTE
    ../clib/stdio.c                          0x00000000   Number         0  setvbuf.o ABSOLUTE
    ../clib/stdio.c                          0x00000000   Number         0  streamlock.o ABSOLUTE
    ../clib/stdio.c                          0x00000000   Number         0  fopen.o ABSOLUTE
    ../clib/stdio.c                          0x00000000   Number         0  fclose.o ABSOLUTE
    ../clib/stdlib.c                         0x00000000   Number         0  exit.o ABSOLUTE
    ../clib/string.c                         0x00000000   Number         0  strcpy.o ABSOLUTE
    ../clib/string.c                         0x00000000   Number         0  strstr.o ABSOLUTE
    ../clib/string.c                         0x00000000   Number         0  strlen.o ABSOLUTE
    ../clib/string.c                         0x00000000   Number         0  strchr.o ABSOLUTE
    ../clib/string.c                         0x00000000   Number         0  strcat.o ABSOLUTE
    ../fplib/fpinit.s                        0x00000000   Number         0  fpinit.o ABSOLUTE
    ../fplib/istatus.s                       0x00000000   Number         0  istatus.o ABSOLUTE
    ../fplib/printf1.s                       0x00000000   Number         0  printf1.o ABSOLUTE
    ../fplib/printf2.s                       0x00000000   Number         0  printf2.o ABSOLUTE
    ../fplib/printf2a.s                      0x00000000   Number         0  printf2a.o ABSOLUTE
    ../fplib/printf2b.s                      0x00000000   Number         0  printf2b.o ABSOLUTE
    ../fplib/usenofp.s                       0x00000000   Number         0  usenofp.o ABSOLUTE
    ../mathlib/fpclassify.c                  0x00000000   Number         0  fpclassify.o ABSOLUTE
    Hardware\Buzzer.c                        0x00000000   Number         0  buzzer.o ABSOLUTE
    Hardware\Delay.c                         0x00000000   Number         0  delay.o ABSOLUTE
    Hardware\LightSensor.c                   0x00000000   Number         0  lightsensor.o ABSOLUTE
    Hardware\OLED.c                          0x00000000   Number         0  oled.o ABSOLUTE
    Hardware\\sys.c                          0x00000000   Number         0  sys.o ABSOLUTE
    Hardware\esp8266.c                       0x00000000   Number         0  esp8266.o ABSOLUTE
    Hardware\rc522.c                         0x00000000   Number         0  rc522.o ABSOLUTE
    Hardware\servo.c                         0x00000000   Number         0  servo.o ABSOLUTE
    Hardware\sys.c                           0x00000000   Number         0  sys.o ABSOLUTE
    Hardware\timer.c                         0x00000000   Number         0  timer.o ABSOLUTE
    Hardware\usart.c                         0x00000000   Number         0  usart.o ABSOLUTE
    Hardware\usart2.c                        0x00000000   Number         0  usart2.o ABSOLUTE
    Hardware\xiaohuihui.c                    0x00000000   Number         0  xiaohuihui.o ABSOLUTE
    Library\misc.c                           0x00000000   Number         0  misc.o ABSOLUTE
    Library\stm32f10x_adc.c                  0x00000000   Number         0  stm32f10x_adc.o ABSOLUTE
    Library\stm32f10x_bkp.c                  0x00000000   Number         0  stm32f10x_bkp.o ABSOLUTE
    Library\stm32f10x_can.c                  0x00000000   Number         0  stm32f10x_can.o ABSOLUTE
    Library\stm32f10x_cec.c                  0x00000000   Number         0  stm32f10x_cec.o ABSOLUTE
    Library\stm32f10x_crc.c                  0x00000000   Number         0  stm32f10x_crc.o ABSOLUTE
    Library\stm32f10x_dac.c                  0x00000000   Number         0  stm32f10x_dac.o ABSOLUTE
    Library\stm32f10x_dbgmcu.c               0x00000000   Number         0  stm32f10x_dbgmcu.o ABSOLUTE
    Library\stm32f10x_dma.c                  0x00000000   Number         0  stm32f10x_dma.o ABSOLUTE
    Library\stm32f10x_exti.c                 0x00000000   Number         0  stm32f10x_exti.o ABSOLUTE
    Library\stm32f10x_flash.c                0x00000000   Number         0  stm32f10x_flash.o ABSOLUTE
    Library\stm32f10x_fsmc.c                 0x00000000   Number         0  stm32f10x_fsmc.o ABSOLUTE
    Library\stm32f10x_gpio.c                 0x00000000   Number         0  stm32f10x_gpio.o ABSOLUTE
    Library\stm32f10x_i2c.c                  0x00000000   Number         0  stm32f10x_i2c.o ABSOLUTE
    Library\stm32f10x_iwdg.c                 0x00000000   Number         0  stm32f10x_iwdg.o ABSOLUTE
    Library\stm32f10x_pwr.c                  0x00000000   Number         0  stm32f10x_pwr.o ABSOLUTE
    Library\stm32f10x_rcc.c                  0x00000000   Number         0  stm32f10x_rcc.o ABSOLUTE
    Library\stm32f10x_rtc.c                  0x00000000   Number         0  stm32f10x_rtc.o ABSOLUTE
    Library\stm32f10x_sdio.c                 0x00000000   Number         0  stm32f10x_sdio.o ABSOLUTE
    Library\stm32f10x_spi.c                  0x00000000   Number         0  stm32f10x_spi.o ABSOLUTE
    Library\stm32f10x_tim.c                  0x00000000   Number         0  stm32f10x_tim.o ABSOLUTE
    Library\stm32f10x_usart.c                0x00000000   Number         0  stm32f10x_usart.o ABSOLUTE
    Library\stm32f10x_wwdg.c                 0x00000000   Number         0  stm32f10x_wwdg.o ABSOLUTE
    Start\\core_cm3.c                        0x00000000   Number         0  core_cm3.o ABSOLUTE
    Start\core_cm3.c                         0x00000000   Number         0  core_cm3.o ABSOLUTE
    Start\startup_stm32f10x_md.s             0x00000000   Number         0  startup_stm32f10x_md.o ABSOLUTE
    Start\system_stm32f10x.c                 0x00000000   Number         0  system_stm32f10x.o ABSOLUTE
    User\main.c                              0x00000000   Number         0  main.o ABSOLUTE
    User\stm32f10x_it.c                      0x00000000   Number         0  stm32f10x_it.o ABSOLUTE
    dc.s                                     0x00000000   Number         0  dc.o ABSOLUTE
    RESET                                    0x08000000   Section      236  startup_stm32f10x_md.o(RESET)
    !!!main                                  0x080000ec   Section        8  __main.o(!!!main)
    !!!scatter                               0x080000f4   Section       52  __scatter.o(!!!scatter)
    !!handler_copy                           0x08000128   Section       26  __scatter_copy.o(!!handler_copy)
    !!handler_zi                             0x08000144   Section       28  __scatter_zi.o(!!handler_zi)
    .ARM.Collect$$_printf_percent$$00000000  0x08000160   Section        0  _printf_percent.o(.ARM.Collect$$_printf_percent$$00000000)
    .ARM.Collect$$_printf_percent$$0000000C  0x08000160   Section        6  _printf_x.o(.ARM.Collect$$_printf_percent$$0000000C)
    .ARM.Collect$$_printf_percent$$00000017  0x08000166   Section        4  _printf_percent_end.o(.ARM.Collect$$_printf_percent$$00000017)
    .ARM.Collect$$libinit$$00000000          0x0800016a   Section        2  libinit.o(.ARM.Collect$$libinit$$00000000)
    .ARM.Collect$$libinit$$00000002          0x0800016c   Section        0  libinit2.o(.ARM.Collect$$libinit$$00000002)
    .ARM.Collect$$libinit$$00000004          0x0800016c   Section        0  libinit2.o(.ARM.Collect$$libinit$$00000004)
    .ARM.Collect$$libinit$$00000005          0x0800016c   Section        8  libinit2.o(.ARM.Collect$$libinit$$00000005)
    .ARM.Collect$$libinit$$0000000A          0x08000174   Section        0  libinit2.o(.ARM.Collect$$libinit$$0000000A)
    .ARM.Collect$$libinit$$0000000C          0x08000174   Section        0  libinit2.o(.ARM.Collect$$libinit$$0000000C)
    .ARM.Collect$$libinit$$0000000E          0x08000174   Section        0  libinit2.o(.ARM.Collect$$libinit$$0000000E)
    .ARM.Collect$$libinit$$00000011          0x08000174   Section        0  libinit2.o(.ARM.Collect$$libinit$$00000011)
    .ARM.Collect$$libinit$$00000013          0x08000174   Section        0  libinit2.o(.ARM.Collect$$libinit$$00000013)
    .ARM.Collect$$libinit$$00000015          0x08000174   Section        0  libinit2.o(.ARM.Collect$$libinit$$00000015)
    .ARM.Collect$$libinit$$00000017          0x08000174   Section        0  libinit2.o(.ARM.Collect$$libinit$$00000017)
    .ARM.Collect$$libinit$$00000019          0x08000174   Section        0  libinit2.o(.ARM.Collect$$libinit$$00000019)
    .ARM.Collect$$libinit$$0000001B          0x08000174   Section        0  libinit2.o(.ARM.Collect$$libinit$$0000001B)
    .ARM.Collect$$libinit$$0000001D          0x08000174   Section        0  libinit2.o(.ARM.Collect$$libinit$$0000001D)
    .ARM.Collect$$libinit$$0000001F          0x08000174   Section        0  libinit2.o(.ARM.Collect$$libinit$$0000001F)
    .ARM.Collect$$libinit$$00000021          0x08000174   Section        0  libinit2.o(.ARM.Collect$$libinit$$00000021)
    .ARM.Collect$$libinit$$00000023          0x08000174   Section        0  libinit2.o(.ARM.Collect$$libinit$$00000023)
    .ARM.Collect$$libinit$$00000024          0x08000174   Section        4  libinit2.o(.ARM.Collect$$libinit$$00000024)
    .ARM.Collect$$libinit$$00000025          0x08000178   Section        0  libinit2.o(.ARM.Collect$$libinit$$00000025)
    .ARM.Collect$$libinit$$0000002C          0x08000178   Section        0  libinit2.o(.ARM.Collect$$libinit$$0000002C)
    .ARM.Collect$$libinit$$0000002E          0x08000178   Section        0  libinit2.o(.ARM.Collect$$libinit$$0000002E)
    .ARM.Collect$$libinit$$00000030          0x08000178   Section        0  libinit2.o(.ARM.Collect$$libinit$$00000030)
    .ARM.Collect$$libinit$$00000032          0x08000178   Section        0  libinit2.o(.ARM.Collect$$libinit$$00000032)
    .ARM.Collect$$libinit$$00000033          0x08000178   Section        2  libinit2.o(.ARM.Collect$$libinit$$00000033)
    .ARM.Collect$$libshutdown$$00000000      0x0800017a   Section        2  libshutdown.o(.ARM.Collect$$libshutdown$$00000000)
    .ARM.Collect$$libshutdown$$00000002      0x0800017c   Section        0  libshutdown2.o(.ARM.Collect$$libshutdown$$00000002)
    .ARM.Collect$$libshutdown$$00000003      0x0800017c   Section        4  libshutdown2.o(.ARM.Collect$$libshutdown$$00000003)
    .ARM.Collect$$libshutdown$$00000004      0x08000180   Section        0  libshutdown2.o(.ARM.Collect$$libshutdown$$00000004)
    .ARM.Collect$$libshutdown$$00000007      0x08000180   Section        0  libshutdown2.o(.ARM.Collect$$libshutdown$$00000007)
    .ARM.Collect$$libshutdown$$0000000A      0x08000180   Section        0  libshutdown2.o(.ARM.Collect$$libshutdown$$0000000A)
    .ARM.Collect$$libshutdown$$0000000C      0x08000180   Section        0  libshutdown2.o(.ARM.Collect$$libshutdown$$0000000C)
    .ARM.Collect$$libshutdown$$0000000F      0x08000180   Section        0  libshutdown2.o(.ARM.Collect$$libshutdown$$0000000F)
    .ARM.Collect$$libshutdown$$00000010      0x08000180   Section        2  libshutdown2.o(.ARM.Collect$$libshutdown$$00000010)
    .ARM.Collect$$rtentry$$00000000          0x08000182   Section        0  __rtentry.o(.ARM.Collect$$rtentry$$00000000)
    .ARM.Collect$$rtentry$$00000002          0x08000182   Section        0  __rtentry2.o(.ARM.Collect$$rtentry$$00000002)
    .ARM.Collect$$rtentry$$00000004          0x08000182   Section        6  __rtentry4.o(.ARM.Collect$$rtentry$$00000004)
    .ARM.Collect$$rtentry$$00000009          0x08000188   Section        0  __rtentry2.o(.ARM.Collect$$rtentry$$00000009)
    .ARM.Collect$$rtentry$$0000000A          0x08000188   Section        4  __rtentry2.o(.ARM.Collect$$rtentry$$0000000A)
    .ARM.Collect$$rtentry$$0000000C          0x0800018c   Section        0  __rtentry2.o(.ARM.Collect$$rtentry$$0000000C)
    .ARM.Collect$$rtentry$$0000000D          0x0800018c   Section        8  __rtentry2.o(.ARM.Collect$$rtentry$$0000000D)
    .ARM.Collect$$rtexit$$00000000           0x08000194   Section        2  rtexit.o(.ARM.Collect$$rtexit$$00000000)
    .ARM.Collect$$rtexit$$00000002           0x08000196   Section        0  rtexit2.o(.ARM.Collect$$rtexit$$00000002)
    .ARM.Collect$$rtexit$$00000003           0x08000196   Section        4  rtexit2.o(.ARM.Collect$$rtexit$$00000003)
    .ARM.Collect$$rtexit$$00000004           0x0800019a   Section        6  rtexit2.o(.ARM.Collect$$rtexit$$00000004)
    .emb_text                                0x080001a0   Section        0  maybetermalloc1.o(.emb_text)
    .text                                    0x080001a0   Section       64  startup_stm32f10x_md.o(.text)
    .text                                    0x080001e0   Section        0  __2printf.o(.text)
    .text                                    0x080001f8   Section        0  _printf_pad.o(.text)
    .text                                    0x08000248   Section        0  _printf_hex_int_ll_ptr.o(.text)
    _printf_hex_common                       0x08000249   Thumb Code     0  _printf_hex_int_ll_ptr.o(.text)
    .text                                    0x080002dc   Section        0  __printf_flags_ss_wp.o(.text)
    .text                                    0x08000464   Section        0  strlen.o(.text)
    .text                                    0x080004a2   Section        0  heapauxi.o(.text)
    .text                                    0x080004a8   Section        0  _printf_intcommon.o(.text)
    .text                                    0x0800055c   Section        0  _printf_char_common.o(.text)
    _printf_input_char                       0x0800055d   Thumb Code    10  _printf_char_common.o(.text)
    .text                                    0x0800058c   Section        0  _printf_char_file.o(.text)
    .text                                    0x080005b0   Section        0  ferror.o(.text)
    .text                                    0x080005b8   Section        0  initio.o(.text)
    .text                                    0x080006f0   Section        0  sys_io.o(.text)
    .text                                    0x08000756   Section       74  sys_stackheap_outer.o(.text)
    .text                                    0x080007a0   Section        0  h1_free.o(.text)
    .text                                    0x080007ee   Section        0  setvbuf.o(.text)
    .text                                    0x08000834   Section        0  fopen.o(.text)
    _freopen_locked                          0x08000835   Thumb Code     0  fopen.o(.text)
    .text                                    0x08000920   Section        0  fclose.o(.text)
    .text                                    0x0800096c   Section        0  exit.o(.text)
    .text                                    0x0800097e   Section        0  defsig_rtred_outer.o(.text)
    .text                                    0x0800098c   Section       78  rt_memclr_w.o(.text)
    .text                                    0x080009dc   Section        8  libspace.o(.text)
    .text                                    0x080009e4   Section        2  use_no_semi.o(.text)
    .text                                    0x080009e6   Section        0  indicate_semi.o(.text)
    .text                                    0x080009e8   Section        8  rt_heap_descriptor_intlibspace.o(.text)
    .text                                    0x080009f0   Section        0  hguard.o(.text)
    .text                                    0x080009f4   Section        0  init_alloc.o(.text)
    .text                                    0x08000a7e   Section        0  h1_alloc.o(.text)
    .text                                    0x08000adc   Section        0  fseek.o(.text)
    .text                                    0x08000bd4   Section        0  stdio.o(.text)
    .text                                    0x08000cc4   Section        0  defsig_exit.o(.text)
    .text                                    0x08000cd0   Section        0  defsig_rtred_inner.o(.text)
    .text                                    0x08000d04   Section        0  sys_exit.o(.text)
    .text                                    0x08000d10   Section        0  h1_init.o(.text)
    .text                                    0x08000d1e   Section        0  h1_extend.o(.text)
    .text                                    0x08000d52   Section        0  ftell.o(.text)
    .text                                    0x08000d94   Section        0  defsig_general.o(.text)
    .text                                    0x08000dc6   Section        0  defsig_rtmem_outer.o(.text)
    .text                                    0x08000dd4   Section        0  sys_wrch.o(.text)
    .text                                    0x08000de4   Section        8  rt_errno_addr_intlibspace.o(.text)
    .text                                    0x08000dec   Section        0  defsig_rtmem_inner.o(.text)
    i.BusFault_Handler                       0x08000e3c   Section        0  stm32f10x_it.o(i.BusFault_Handler)
    i.Buzzer_Init                            0x08000e40   Section        0  buzzer.o(i.Buzzer_Init)
    i.ClearBitMask                           0x08000e6c   Section        0  rc522.o(i.ClearBitMask)
    i.DebugMon_Handler                       0x08000e88   Section        0  stm32f10x_it.o(i.DebugMon_Handler)
    i.Delay_us                               0x08000e8a   Section        0  delay.o(i.Delay_us)
    i.GPIO_Init                              0x08000eb8   Section        0  stm32f10x_gpio.o(i.GPIO_Init)
    i.GPIO_ReadInputDataBit                  0x08000fce   Section        0  stm32f10x_gpio.o(i.GPIO_ReadInputDataBit)
    i.GPIO_ResetBits                         0x08000fe0   Section        0  stm32f10x_gpio.o(i.GPIO_ResetBits)
    i.GPIO_SetBits                           0x08000fe4   Section        0  stm32f10x_gpio.o(i.GPIO_SetBits)
    i.GPIO_WriteBit                          0x08000fe8   Section        0  stm32f10x_gpio.o(i.GPIO_WriteBit)
    i.HardFault_Handler                      0x08000ff2   Section        0  stm32f10x_it.o(i.HardFault_Handler)
    i.MFRC522_AntennaOff                     0x08000ff6   Section        0  rc522.o(i.MFRC522_AntennaOff)
    i.MFRC522_AntennaOn                      0x08001002   Section        0  rc522.o(i.MFRC522_AntennaOn)
    i.MFRC522_Anticoll                       0x0800101c   Section        0  rc522.o(i.MFRC522_Anticoll)
    i.MFRC522_Init                           0x08001090   Section        0  rc522.o(i.MFRC522_Init)
    i.MFRC522_Request                        0x08001128   Section        0  rc522.o(i.MFRC522_Request)
    i.MFRC522_Reset                          0x08001180   Section        0  rc522.o(i.MFRC522_Reset)
    i.MFRC522_ToCard                         0x08001204   Section        0  rc522.o(i.MFRC522_ToCard)
    i.MemManage_Handler                      0x0800133e   Section        0  stm32f10x_it.o(i.MemManage_Handler)
    i.NMI_Handler                            0x08001342   Section        0  stm32f10x_it.o(i.NMI_Handler)
    i.OLED_Clear                             0x08001344   Section        0  oled.o(i.OLED_Clear)
    i.OLED_I2C_Init                          0x08001370   Section        0  oled.o(i.OLED_I2C_Init)
    i.OLED_I2C_SendByte                      0x080013c0   Section        0  oled.o(i.OLED_I2C_SendByte)
    i.OLED_I2C_Start                         0x0800141c   Section        0  oled.o(i.OLED_I2C_Start)
    i.OLED_I2C_Stop                          0x08001450   Section        0  oled.o(i.OLED_I2C_Stop)
    i.OLED_Init                              0x08001478   Section        0  oled.o(i.OLED_Init)
    i.OLED_Pow                               0x08001526   Section        0  oled.o(i.OLED_Pow)
    i.OLED_SetCursor                         0x0800153a   Section        0  oled.o(i.OLED_SetCursor)
    i.OLED_ShowChar                          0x0800155c   Section        0  oled.o(i.OLED_ShowChar)
    i.OLED_ShowNum                           0x080015d0   Section        0  oled.o(i.OLED_ShowNum)
    i.OLED_WriteCommand                      0x08001614   Section        0  oled.o(i.OLED_WriteCommand)
    i.OLED_WriteData                         0x08001634   Section        0  oled.o(i.OLED_WriteData)
    i.PendSV_Handler                         0x08001654   Section        0  stm32f10x_it.o(i.PendSV_Handler)
    i.RCC_APB1PeriphClockCmd                 0x08001658   Section        0  stm32f10x_rcc.o(i.RCC_APB1PeriphClockCmd)
    i.RCC_APB2PeriphClockCmd                 0x08001678   Section        0  stm32f10x_rcc.o(i.RCC_APB2PeriphClockCmd)
    i.RCC_GetClocksFreq                      0x08001698   Section        0  stm32f10x_rcc.o(i.RCC_GetClocksFreq)
    i.Read_MFRC522                           0x0800176c   Section        0  rc522.o(i.Read_MFRC522)
    i.SVC_Handler                            0x08001840   Section        0  stm32f10x_it.o(i.SVC_Handler)
    i.Servo_Init                             0x08001844   Section        0  servo.o(i.Servo_Init)
    i.SetBitMask                             0x080018b8   Section        0  rc522.o(i.SetBitMask)
    i.SetSysClock                            0x080018d4   Section        0  system_stm32f10x.o(i.SetSysClock)
    SetSysClock                              0x080018d5   Thumb Code     8  system_stm32f10x.o(i.SetSysClock)
    i.SetSysClockTo72                        0x080018dc   Section        0  system_stm32f10x.o(i.SetSysClockTo72)
    SetSysClockTo72                          0x080018dd   Thumb Code   214  system_stm32f10x.o(i.SetSysClockTo72)
    i.SysTick_CLKSourceConfig                0x080019bc   Section        0  misc.o(i.SysTick_CLKSourceConfig)
    i.SysTick_Handler                        0x080019e4   Section        0  stm32f10x_it.o(i.SysTick_Handler)
    i.SystemInit                             0x080019e8   Section        0  system_stm32f10x.o(i.SystemInit)
    i.TIM4_IRQHandler                        0x08001a48   Section        0  timer.o(i.TIM4_IRQHandler)
    i.TIM_ClearITPendingBit                  0x08001a7c   Section        0  stm32f10x_tim.o(i.TIM_ClearITPendingBit)
    i.TIM_Cmd                                0x08001a82   Section        0  stm32f10x_tim.o(i.TIM_Cmd)
    i.TIM_GetITStatus                        0x08001a9a   Section        0  stm32f10x_tim.o(i.TIM_GetITStatus)
    i.TIM_OC1Init                            0x08001abc   Section        0  stm32f10x_tim.o(i.TIM_OC1Init)
    i.TIM_SetCounter                         0x08001b54   Section        0  stm32f10x_tim.o(i.TIM_SetCounter)
    i.TIM_TimeBaseInit                       0x08001b58   Section        0  stm32f10x_tim.o(i.TIM_TimeBaseInit)
    i.USART1_Config                          0x08001bfc   Section        0  usart.o(i.USART1_Config)
    i.USART2_IRQHandler                      0x08001c78   Section        0  usart2.o(i.USART2_IRQHandler)
    i.USART_Cmd                              0x08001ce8   Section        0  stm32f10x_usart.o(i.USART_Cmd)
    i.USART_GetITStatus                      0x08001d00   Section        0  stm32f10x_usart.o(i.USART_GetITStatus)
    i.USART_Init                             0x08001d54   Section        0  stm32f10x_usart.o(i.USART_Init)
    i.USART_ReceiveData                      0x08001e2c   Section        0  stm32f10x_usart.o(i.USART_ReceiveData)
    i.USART_SendData                         0x08001e36   Section        0  stm32f10x_usart.o(i.USART_SendData)
    i.UsageFault_Handler                     0x08001e3e   Section        0  stm32f10x_it.o(i.UsageFault_Handler)
    i.Write_MFRC522                          0x08001e44   Section        0  rc522.o(i.Write_MFRC522)
    i._is_digit                              0x08001f1c   Section        0  __printf_wp.o(i._is_digit)
    i.delay_init                             0x08001f2c   Section        0  main.o(i.delay_init)
    i.fputc                                  0x08001f68   Section        0  usart.o(i.fputc)
    i.main                                   0x08001f8c   Section        0  main.o(i.main)
    .constdata                               0x0800205c   Section     1520  oled.o(.constdata)
    .constdata                               0x0800264c   Section       40  _printf_hex_int_ll_ptr.o(.constdata)
    uc_hextab                                0x0800264c   Data          20  _printf_hex_int_ll_ptr.o(.constdata)
    lc_hextab                                0x08002660   Data          20  _printf_hex_int_ll_ptr.o(.constdata)
    .constdata                               0x08002674   Section       17  __printf_flags_ss_wp.o(.constdata)
    maptable                                 0x08002674   Data          17  __printf_flags_ss_wp.o(.constdata)
    .constdata                               0x08002685   Section        4  sys_io.o(.constdata)
    .constdata                               0x08002689   Section        4  sys_io.o(.constdata)
    .constdata                               0x0800268d   Section        4  sys_io.o(.constdata)
    .data                                    0x20000000   Section       20  stm32f10x_rcc.o(.data)
    APBAHBPrescTable                         0x20000000   Data          16  stm32f10x_rcc.o(.data)
    ADCPrescTable                            0x20000010   Data           4  stm32f10x_rcc.o(.data)
    .data                                    0x20000014   Section        4  main.o(.data)
    fac_us                                   0x20000014   Data           1  main.o(.data)
    fac_ms                                   0x20000016   Data           2  main.o(.data)
    .data                                    0x20000018   Section        4  usart2.o(.data)
    .data                                    0x2000001c   Section        4  stdio_streams.o(.data)
    .data                                    0x20000020   Section        4  stdio_streams.o(.data)
    .data                                    0x20000024   Section        4  stdio_streams.o(.data)
    .bss                                     0x20000028   Section       20  main.o(.bss)
    .bss                                     0x2000003c   Section     2048  usart2.o(.bss)
    .bss                                     0x2000083c   Section       84  stdio_streams.o(.bss)
    .bss                                     0x20000890   Section       84  stdio_streams.o(.bss)
    .bss                                     0x200008e4   Section       84  stdio_streams.o(.bss)
    .bss                                     0x20000938   Section       96  libspace.o(.bss)
    HEAP                                     0x20000998   Section      512  startup_stm32f10x_md.o(HEAP)
    Heap_Mem                                 0x20000998   Data         512  startup_stm32f10x_md.o(HEAP)
    STACK                                    0x20000b98   Section     1024  startup_stm32f10x_md.o(STACK)
    Stack_Mem                                0x20000b98   Data        1024  startup_stm32f10x_md.o(STACK)
    __initial_sp                             0x20000f98   Data           0  startup_stm32f10x_md.o(STACK)

    Global Symbols

    Symbol Name                              Value     Ov Type        Size  Object(Section)

    BuildAttributes$$THM_ISAv4$P$D$K$B$S$PE$A:L22UL41UL21$X:L11$S22US41US21$IEEE1$IW$USESV6$~STKCKD$USESV7$~SHL$OTIME$ROPI$IEEEJ$EBA8$UX$STANDARDLIB$REQ8$PRES8$EABIv2 0x00000000   Number         0  anon$$obj.o ABSOLUTE
    __ARM_use_no_argv                        0x00000000   Number         0  main.o ABSOLUTE
    _printf_flags                            0x00000000   Number         0  printf_stubs.o ABSOLUTE
    _printf_return_value                     0x00000000   Number         0  printf_stubs.o ABSOLUTE
    _printf_sizespec                         0x00000000   Number         0  printf_stubs.o ABSOLUTE
    _printf_widthprec                        0x00000000   Number         0  printf_stubs.o ABSOLUTE
    __ARM_exceptions_init                     - Undefined Weak Reference
    __alloca_initialize                       - Undefined Weak Reference
    __arm_preinit_                            - Undefined Weak Reference
    __cpp_initialize__aeabi_                  - Undefined Weak Reference
    __cxa_finalize                            - Undefined Weak Reference
    __sigvec_lookup                           - Undefined Weak Reference
    __user_heap_extent                        - Undefined Weak Reference
    _atexit_init                              - Undefined Weak Reference
    _call_atexit_fns                          - Undefined Weak Reference
    _clock_init                               - Undefined Weak Reference
    _fp_trap_init                             - Undefined Weak Reference
    _fp_trap_shutdown                         - Undefined Weak Reference
    _get_lc_collate                           - Undefined Weak Reference
    _get_lc_monetary                          - Undefined Weak Reference
    _get_lc_time                              - Undefined Weak Reference
    _getenv_init                              - Undefined Weak Reference
    _handle_redirection                       - Undefined Weak Reference
    _mutex_acquire                            - Undefined Weak Reference
    _mutex_free                               - Undefined Weak Reference
    _mutex_release                            - Undefined Weak Reference
    _printf_mbtowc                            - Undefined Weak Reference
    _printf_wc                                - Undefined Weak Reference
    _rand_init                                - Undefined Weak Reference
    _signal_finish                            - Undefined Weak Reference
    _signal_init                              - Undefined Weak Reference
    __Vectors_Size                           0x000000ec   Number         0  startup_stm32f10x_md.o ABSOLUTE
    __Vectors                                0x08000000   Data           4  startup_stm32f10x_md.o(RESET)
    __Vectors_End                            0x080000ec   Data           0  startup_stm32f10x_md.o(RESET)
    __main                                   0x080000ed   Thumb Code     8  __main.o(!!!main)
    __scatterload                            0x080000f5   Thumb Code     0  __scatter.o(!!!scatter)
    __scatterload_rt2                        0x080000f5   Thumb Code    44  __scatter.o(!!!scatter)
    __scatterload_rt2_thumb_only             0x080000f5   Thumb Code     0  __scatter.o(!!!scatter)
    __scatterload_null                       0x08000103   Thumb Code     0  __scatter.o(!!!scatter)
    __scatterload_copy                       0x08000129   Thumb Code    26  __scatter_copy.o(!!handler_copy)
    __scatterload_zeroinit                   0x08000145   Thumb Code    28  __scatter_zi.o(!!handler_zi)
    _printf_percent                          0x08000161   Thumb Code     0  _printf_percent.o(.ARM.Collect$$_printf_percent$$00000000)
    _printf_x                                0x08000161   Thumb Code     0  _printf_x.o(.ARM.Collect$$_printf_percent$$0000000C)
    _printf_percent_end                      0x08000167   Thumb Code     0  _printf_percent_end.o(.ARM.Collect$$_printf_percent$$00000017)
    __rt_lib_init                            0x0800016b   Thumb Code     0  libinit.o(.ARM.Collect$$libinit$$00000000)
    __rt_lib_init_fp_1                       0x0800016d   Thumb Code     0  libinit2.o(.ARM.Collect$$libinit$$00000002)
    __rt_lib_init_heap_2                     0x0800016d   Thumb Code     0  libinit2.o(.ARM.Collect$$libinit$$00000005)
    __rt_lib_init_preinit_1                  0x0800016d   Thumb Code     0  libinit2.o(.ARM.Collect$$libinit$$00000004)
    __rt_lib_init_atexit_1                   0x08000175   Thumb Code     0  libinit2.o(.ARM.Collect$$libinit$$0000001B)
    __rt_lib_init_clock_1                    0x08000175   Thumb Code     0  libinit2.o(.ARM.Collect$$libinit$$00000021)
    __rt_lib_init_fp_trap_1                  0x08000175   Thumb Code     0  libinit2.o(.ARM.Collect$$libinit$$0000001F)
    __rt_lib_init_getenv_1                   0x08000175   Thumb Code     0  libinit2.o(.ARM.Collect$$libinit$$00000023)
    __rt_lib_init_heap_1                     0x08000175   Thumb Code     0  libinit2.o(.ARM.Collect$$libinit$$0000000A)
    __rt_lib_init_lc_collate_1               0x08000175   Thumb Code     0  libinit2.o(.ARM.Collect$$libinit$$00000011)
    __rt_lib_init_lc_ctype_1                 0x08000175   Thumb Code     0  libinit2.o(.ARM.Collect$$libinit$$00000013)
    __rt_lib_init_lc_monetary_1              0x08000175   Thumb Code     0  libinit2.o(.ARM.Collect$$libinit$$00000015)
    __rt_lib_init_lc_numeric_1               0x08000175   Thumb Code     0  libinit2.o(.ARM.Collect$$libinit$$00000017)
    __rt_lib_init_lc_time_1                  0x08000175   Thumb Code     0  libinit2.o(.ARM.Collect$$libinit$$00000019)
    __rt_lib_init_rand_1                     0x08000175   Thumb Code     0  libinit2.o(.ARM.Collect$$libinit$$0000000E)
    __rt_lib_init_signal_1                   0x08000175   Thumb Code     0  libinit2.o(.ARM.Collect$$libinit$$0000001D)
    __rt_lib_init_stdio_2                    0x08000175   Thumb Code     0  libinit2.o(.ARM.Collect$$libinit$$00000024)
    __rt_lib_init_user_alloc_1               0x08000175   Thumb Code     0  libinit2.o(.ARM.Collect$$libinit$$0000000C)
    __rt_lib_init_alloca_1                   0x08000179   Thumb Code     0  libinit2.o(.ARM.Collect$$libinit$$0000002E)
    __rt_lib_init_argv_1                     0x08000179   Thumb Code     0  libinit2.o(.ARM.Collect$$libinit$$0000002C)
    __rt_lib_init_cpp_1                      0x08000179   Thumb Code     0  libinit2.o(.ARM.Collect$$libinit$$00000032)
    __rt_lib_init_exceptions_1               0x08000179   Thumb Code     0  libinit2.o(.ARM.Collect$$libinit$$00000030)
    __rt_lib_init_return                     0x08000179   Thumb Code     0  libinit2.o(.ARM.Collect$$libinit$$00000033)
    __rt_lib_init_stdio_1                    0x08000179   Thumb Code     0  libinit2.o(.ARM.Collect$$libinit$$00000025)
    __rt_lib_shutdown                        0x0800017b   Thumb Code     0  libshutdown.o(.ARM.Collect$$libshutdown$$00000000)
    __rt_lib_shutdown_cpp_1                  0x0800017d   Thumb Code     0  libshutdown2.o(.ARM.Collect$$libshutdown$$00000002)
    __rt_lib_shutdown_stdio_2                0x0800017d   Thumb Code     0  libshutdown2.o(.ARM.Collect$$libshutdown$$00000003)
    __rt_lib_shutdown_fp_trap_1              0x08000181   Thumb Code     0  libshutdown2.o(.ARM.Collect$$libshutdown$$00000007)
    __rt_lib_shutdown_heap_1                 0x08000181   Thumb Code     0  libshutdown2.o(.ARM.Collect$$libshutdown$$0000000F)
    __rt_lib_shutdown_return                 0x08000181   Thumb Code     0  libshutdown2.o(.ARM.Collect$$libshutdown$$00000010)
    __rt_lib_shutdown_signal_1               0x08000181   Thumb Code     0  libshutdown2.o(.ARM.Collect$$libshutdown$$0000000A)
    __rt_lib_shutdown_stdio_1                0x08000181   Thumb Code     0  libshutdown2.o(.ARM.Collect$$libshutdown$$00000004)
    __rt_lib_shutdown_user_alloc_1           0x08000181   Thumb Code     0  libshutdown2.o(.ARM.Collect$$libshutdown$$0000000C)
    __rt_entry                               0x08000183   Thumb Code     0  __rtentry.o(.ARM.Collect$$rtentry$$00000000)
    __rt_entry_presh_1                       0x08000183   Thumb Code     0  __rtentry2.o(.ARM.Collect$$rtentry$$00000002)
    __rt_entry_sh                            0x08000183   Thumb Code     0  __rtentry4.o(.ARM.Collect$$rtentry$$00000004)
    __rt_entry_li                            0x08000189   Thumb Code     0  __rtentry2.o(.ARM.Collect$$rtentry$$0000000A)
    __rt_entry_postsh_1                      0x08000189   Thumb Code     0  __rtentry2.o(.ARM.Collect$$rtentry$$00000009)
    __rt_entry_main                          0x0800018d   Thumb Code     0  __rtentry2.o(.ARM.Collect$$rtentry$$0000000D)
    __rt_entry_postli_1                      0x0800018d   Thumb Code     0  __rtentry2.o(.ARM.Collect$$rtentry$$0000000C)
    __rt_exit                                0x08000195   Thumb Code     0  rtexit.o(.ARM.Collect$$rtexit$$00000000)
    __rt_exit_ls                             0x08000197   Thumb Code     0  rtexit2.o(.ARM.Collect$$rtexit$$00000003)
    __rt_exit_prels_1                        0x08000197   Thumb Code     0  rtexit2.o(.ARM.Collect$$rtexit$$00000002)
    __rt_exit_exit                           0x0800019b   Thumb Code     0  rtexit2.o(.ARM.Collect$$rtexit$$00000004)
    Reset_Handler                            0x080001a1   Thumb Code     8  startup_stm32f10x_md.o(.text)
    _maybe_terminate_alloc                   0x080001a1   Thumb Code     0  maybetermalloc1.o(.emb_text)
    ADC1_2_IRQHandler                        0x080001bb   Thumb Code     0  startup_stm32f10x_md.o(.text)
    CAN1_RX1_IRQHandler                      0x080001bb   Thumb Code     0  startup_stm32f10x_md.o(.text)
    CAN1_SCE_IRQHandler                      0x080001bb   Thumb Code     0  startup_stm32f10x_md.o(.text)
    DMA1_Channel1_IRQHandler                 0x080001bb   Thumb Code     0  startup_stm32f10x_md.o(.text)
    DMA1_Channel2_IRQHandler                 0x080001bb   Thumb Code     0  startup_stm32f10x_md.o(.text)
    DMA1_Channel3_IRQHandler                 0x080001bb   Thumb Code     0  startup_stm32f10x_md.o(.text)
    DMA1_Channel4_IRQHandler                 0x080001bb   Thumb Code     0  startup_stm32f10x_md.o(.text)
    DMA1_Channel5_IRQHandler                 0x080001bb   Thumb Code     0  startup_stm32f10x_md.o(.text)
    DMA1_Channel6_IRQHandler                 0x080001bb   Thumb Code     0  startup_stm32f10x_md.o(.text)
    DMA1_Channel7_IRQHandler                 0x080001bb   Thumb Code     0  startup_stm32f10x_md.o(.text)
    EXTI0_IRQHandler                         0x080001bb   Thumb Code     0  startup_stm32f10x_md.o(.text)
    EXTI15_10_IRQHandler                     0x080001bb   Thumb Code     0  startup_stm32f10x_md.o(.text)
    EXTI1_IRQHandler                         0x080001bb   Thumb Code     0  startup_stm32f10x_md.o(.text)
    EXTI2_IRQHandler                         0x080001bb   Thumb Code     0  startup_stm32f10x_md.o(.text)
    EXTI3_IRQHandler                         0x080001bb   Thumb Code     0  startup_stm32f10x_md.o(.text)
    EXTI4_IRQHandler                         0x080001bb   Thumb Code     0  startup_stm32f10x_md.o(.text)
    EXTI9_5_IRQHandler                       0x080001bb   Thumb Code     0  startup_stm32f10x_md.o(.text)
    FLASH_IRQHandler                         0x080001bb   Thumb Code     0  startup_stm32f10x_md.o(.text)
    I2C1_ER_IRQHandler                       0x080001bb   Thumb Code     0  startup_stm32f10x_md.o(.text)
    I2C1_EV_IRQHandler                       0x080001bb   Thumb Code     0  startup_stm32f10x_md.o(.text)
    I2C2_ER_IRQHandler                       0x080001bb   Thumb Code     0  startup_stm32f10x_md.o(.text)
    I2C2_EV_IRQHandler                       0x080001bb   Thumb Code     0  startup_stm32f10x_md.o(.text)
    PVD_IRQHandler                           0x080001bb   Thumb Code     0  startup_stm32f10x_md.o(.text)
    RCC_IRQHandler                           0x080001bb   Thumb Code     0  startup_stm32f10x_md.o(.text)
    RTCAlarm_IRQHandler                      0x080001bb   Thumb Code     0  startup_stm32f10x_md.o(.text)
    RTC_IRQHandler                           0x080001bb   Thumb Code     0  startup_stm32f10x_md.o(.text)
    SPI1_IRQHandler                          0x080001bb   Thumb Code     0  startup_stm32f10x_md.o(.text)
    SPI2_IRQHandler                          0x080001bb   Thumb Code     0  startup_stm32f10x_md.o(.text)
    TAMPER_IRQHandler                        0x080001bb   Thumb Code     0  startup_stm32f10x_md.o(.text)
    TIM1_BRK_IRQHandler                      0x080001bb   Thumb Code     0  startup_stm32f10x_md.o(.text)
    TIM1_CC_IRQHandler                       0x080001bb   Thumb Code     0  startup_stm32f10x_md.o(.text)
    TIM1_TRG_COM_IRQHandler                  0x080001bb   Thumb Code     0  startup_stm32f10x_md.o(.text)
    TIM1_UP_IRQHandler                       0x080001bb   Thumb Code     0  startup_stm32f10x_md.o(.text)
    TIM2_IRQHandler                          0x080001bb   Thumb Code     0  startup_stm32f10x_md.o(.text)
    TIM3_IRQHandler                          0x080001bb   Thumb Code     0  startup_stm32f10x_md.o(.text)
    USART1_IRQHandler                        0x080001bb   Thumb Code     0  startup_stm32f10x_md.o(.text)
    USART3_IRQHandler                        0x080001bb   Thumb Code     0  startup_stm32f10x_md.o(.text)
    USBWakeUp_IRQHandler                     0x080001bb   Thumb Code     0  startup_stm32f10x_md.o(.text)
    USB_HP_CAN1_TX_IRQHandler                0x080001bb   Thumb Code     0  startup_stm32f10x_md.o(.text)
    USB_LP_CAN1_RX0_IRQHandler               0x080001bb   Thumb Code     0  startup_stm32f10x_md.o(.text)
    WWDG_IRQHandler                          0x080001bb   Thumb Code     0  startup_stm32f10x_md.o(.text)
    __user_initial_stackheap                 0x080001bd   Thumb Code     0  startup_stm32f10x_md.o(.text)
    __2printf                                0x080001e1   Thumb Code    20  __2printf.o(.text)
    _printf_pre_padding                      0x080001f9   Thumb Code    44  _printf_pad.o(.text)
    _printf_post_padding                     0x08000225   Thumb Code    34  _printf_pad.o(.text)
    _printf_longlong_hex                     0x08000249   Thumb Code    86  _printf_hex_int_ll_ptr.o(.text)
    _printf_int_hex                          0x0800029f   Thumb Code    28  _printf_hex_int_ll_ptr.o(.text)
    _printf_ll_hex                           0x080002bb   Thumb Code    12  _printf_hex_int_ll_ptr.o(.text)
    _printf_hex_ptr                          0x080002c7   Thumb Code    18  _printf_hex_int_ll_ptr.o(.text)
    __printf                                 0x080002dd   Thumb Code   388  __printf_flags_ss_wp.o(.text)
    strlen                                   0x08000465   Thumb Code    62  strlen.o(.text)
    __use_two_region_memory                  0x080004a3   Thumb Code     2  heapauxi.o(.text)
    __rt_heap_escrow                         0x080004a5   Thumb Code     2  heapauxi.o(.text)
    __rt_heap_expand                         0x080004a7   Thumb Code     2  heapauxi.o(.text)
    _printf_int_common                       0x080004a9   Thumb Code   178  _printf_intcommon.o(.text)
    _printf_char_common                      0x08000567   Thumb Code    32  _printf_char_common.o(.text)
    _printf_char_file                        0x0800058d   Thumb Code    32  _printf_char_file.o(.text)
    ferror                                   0x080005b1   Thumb Code     8  ferror.o(.text)
    _initio                                  0x080005b9   Thumb Code   210  initio.o(.text)
    _terminateio                             0x0800068b   Thumb Code    56  initio.o(.text)
    _sys_open                                0x080006f1   Thumb Code    20  sys_io.o(.text)
    _sys_close                               0x08000705   Thumb Code    12  sys_io.o(.text)
    _sys_write                               0x08000711   Thumb Code    16  sys_io.o(.text)
    _sys_read                                0x08000721   Thumb Code    14  sys_io.o(.text)
    _sys_istty                               0x0800072f   Thumb Code    12  sys_io.o(.text)
    _sys_seek                                0x0800073b   Thumb Code    14  sys_io.o(.text)
    _sys_ensure                              0x08000749   Thumb Code     2  sys_io.o(.text)
    _sys_flen                                0x0800074b   Thumb Code    12  sys_io.o(.text)
    __user_setup_stackheap                   0x08000757   Thumb Code    74  sys_stackheap_outer.o(.text)
    free                                     0x080007a1   Thumb Code    78  h1_free.o(.text)
    setvbuf                                  0x080007ef   Thumb Code    70  setvbuf.o(.text)
    freopen                                  0x08000835   Thumb Code   158  fopen.o(.text)
    fopen                                    0x080008d3   Thumb Code    74  fopen.o(.text)
    _fclose_internal                         0x08000921   Thumb Code    76  fclose.o(.text)
    fclose                                   0x08000921   Thumb Code     0  fclose.o(.text)
    exit                                     0x0800096d   Thumb Code    18  exit.o(.text)
    __rt_SIGRTRED                            0x0800097f   Thumb Code    14  defsig_rtred_outer.o(.text)
    __aeabi_memclr4                          0x0800098d   Thumb Code     0  rt_memclr_w.o(.text)
    __aeabi_memclr8                          0x0800098d   Thumb Code     0  rt_memclr_w.o(.text)
    __rt_memclr_w                            0x0800098d   Thumb Code    78  rt_memclr_w.o(.text)
    _memset_w                                0x08000991   Thumb Code     0  rt_memclr_w.o(.text)
    __user_libspace                          0x080009dd   Thumb Code     8  libspace.o(.text)
    __user_perproc_libspace                  0x080009dd   Thumb Code     0  libspace.o(.text)
    __user_perthread_libspace                0x080009dd   Thumb Code     0  libspace.o(.text)
    __I$use$semihosting                      0x080009e5   Thumb Code     0  use_no_semi.o(.text)
    __use_no_semihosting_swi                 0x080009e5   Thumb Code     2  use_no_semi.o(.text)
    __semihosting_library_function           0x080009e7   Thumb Code     0  indicate_semi.o(.text)
    __rt_heap_descriptor                     0x080009e9   Thumb Code     8  rt_heap_descriptor_intlibspace.o(.text)
    __use_no_heap                            0x080009f1   Thumb Code     2  hguard.o(.text)
    __heap$guard                             0x080009f3   Thumb Code     2  hguard.o(.text)
    _terminate_user_alloc                    0x080009f5   Thumb Code     2  init_alloc.o(.text)
    _init_user_alloc                         0x080009f7   Thumb Code     2  init_alloc.o(.text)
    __Heap_Full                              0x080009f9   Thumb Code    34  init_alloc.o(.text)
    __Heap_Broken                            0x08000a1b   Thumb Code     6  init_alloc.o(.text)
    _init_alloc                              0x08000a21   Thumb Code    94  init_alloc.o(.text)
    malloc                                   0x08000a7f   Thumb Code    94  h1_alloc.o(.text)
    _fseek                                   0x08000add   Thumb Code   242  fseek.o(.text)
    fseek                                    0x08000add   Thumb Code     0  fseek.o(.text)
    _seterr                                  0x08000bd5   Thumb Code    20  stdio.o(.text)
    _writebuf                                0x08000be9   Thumb Code    84  stdio.o(.text)
    _fflush                                  0x08000c3d   Thumb Code    70  stdio.o(.text)
    _deferredlazyseek                        0x08000c83   Thumb Code    60  stdio.o(.text)
    __sig_exit                               0x08000cc5   Thumb Code    10  defsig_exit.o(.text)
    __rt_SIGRTRED_inner                      0x08000cd1   Thumb Code    14  defsig_rtred_inner.o(.text)
    _sys_exit                                0x08000d05   Thumb Code     8  sys_exit.o(.text)
    __Heap_Initialize                        0x08000d11   Thumb Code    10  h1_init.o(.text)
    __Heap_DescSize                          0x08000d1b   Thumb Code     4  h1_init.o(.text)
    __Heap_ProvideMemory                     0x08000d1f   Thumb Code    52  h1_extend.o(.text)
    _ftell_internal                          0x08000d53   Thumb Code    66  ftell.o(.text)
    ftell                                    0x08000d53   Thumb Code     0  ftell.o(.text)
    __default_signal_display                 0x08000d95   Thumb Code    50  defsig_general.o(.text)
    __rt_SIGRTMEM                            0x08000dc7   Thumb Code    14  defsig_rtmem_outer.o(.text)
    _ttywrch                                 0x08000dd5   Thumb Code    14  sys_wrch.o(.text)
    __aeabi_errno_addr                       0x08000de5   Thumb Code     8  rt_errno_addr_intlibspace.o(.text)
    __errno$intlibspace                      0x08000de5   Thumb Code     0  rt_errno_addr_intlibspace.o(.text)
    __rt_errno_addr$intlibspace              0x08000de5   Thumb Code     0  rt_errno_addr_intlibspace.o(.text)
    __rt_SIGRTMEM_inner                      0x08000ded   Thumb Code    22  defsig_rtmem_inner.o(.text)
    BusFault_Handler                         0x08000e3d   Thumb Code     4  stm32f10x_it.o(i.BusFault_Handler)
    Buzzer_Init                              0x08000e41   Thumb Code    40  buzzer.o(i.Buzzer_Init)
    ClearBitMask                             0x08000e6d   Thumb Code    28  rc522.o(i.ClearBitMask)
    DebugMon_Handler                         0x08000e89   Thumb Code     2  stm32f10x_it.o(i.DebugMon_Handler)
    Delay_us                                 0x08000e8b   Thumb Code    46  delay.o(i.Delay_us)
    GPIO_Init                                0x08000eb9   Thumb Code   278  stm32f10x_gpio.o(i.GPIO_Init)
    GPIO_ReadInputDataBit                    0x08000fcf   Thumb Code    18  stm32f10x_gpio.o(i.GPIO_ReadInputDataBit)
    GPIO_ResetBits                           0x08000fe1   Thumb Code     4  stm32f10x_gpio.o(i.GPIO_ResetBits)
    GPIO_SetBits                             0x08000fe5   Thumb Code     4  stm32f10x_gpio.o(i.GPIO_SetBits)
    GPIO_WriteBit                            0x08000fe9   Thumb Code    10  stm32f10x_gpio.o(i.GPIO_WriteBit)
    HardFault_Handler                        0x08000ff3   Thumb Code     4  stm32f10x_it.o(i.HardFault_Handler)
    MFRC522_AntennaOff                       0x08000ff7   Thumb Code    12  rc522.o(i.MFRC522_AntennaOff)
    MFRC522_AntennaOn                        0x08001003   Thumb Code    26  rc522.o(i.MFRC522_AntennaOn)
    MFRC522_Anticoll                         0x0800101d   Thumb Code   114  rc522.o(i.MFRC522_Anticoll)
    MFRC522_Init                             0x08001091   Thumb Code   142  rc522.o(i.MFRC522_Init)
    MFRC522_Request                          0x08001129   Thumb Code    86  rc522.o(i.MFRC522_Request)
    MFRC522_Reset                            0x08001181   Thumb Code   126  rc522.o(i.MFRC522_Reset)
    MFRC522_ToCard                           0x08001205   Thumb Code   314  rc522.o(i.MFRC522_ToCard)
    MemManage_Handler                        0x0800133f   Thumb Code     4  stm32f10x_it.o(i.MemManage_Handler)
    NMI_Handler                              0x08001343   Thumb Code     2  stm32f10x_it.o(i.NMI_Handler)
    OLED_Clear                               0x08001345   Thumb Code    42  oled.o(i.OLED_Clear)
    OLED_I2C_Init                            0x08001371   Thumb Code    76  oled.o(i.OLED_I2C_Init)
    OLED_I2C_SendByte                        0x080013c1   Thumb Code    88  oled.o(i.OLED_I2C_SendByte)
    OLED_I2C_Start                           0x0800141d   Thumb Code    48  oled.o(i.OLED_I2C_Start)
    OLED_I2C_Stop                            0x08001451   Thumb Code    36  oled.o(i.OLED_I2C_Stop)
    OLED_Init                                0x08001479   Thumb Code   174  oled.o(i.OLED_Init)
    OLED_Pow                                 0x08001527   Thumb Code    20  oled.o(i.OLED_Pow)
    OLED_SetCursor                           0x0800153b   Thumb Code    34  oled.o(i.OLED_SetCursor)
    OLED_ShowChar                            0x0800155d   Thumb Code   110  oled.o(i.OLED_ShowChar)
    OLED_ShowNum                             0x080015d1   Thumb Code    68  oled.o(i.OLED_ShowNum)
    OLED_WriteCommand                        0x08001615   Thumb Code    32  oled.o(i.OLED_WriteCommand)
    OLED_WriteData                           0x08001635   Thumb Code    32  oled.o(i.OLED_WriteData)
    PendSV_Handler                           0x08001655   Thumb Code     2  stm32f10x_it.o(i.PendSV_Handler)
    RCC_APB1PeriphClockCmd                   0x08001659   Thumb Code    26  stm32f10x_rcc.o(i.RCC_APB1PeriphClockCmd)
    RCC_APB2PeriphClockCmd                   0x08001679   Thumb Code    26  stm32f10x_rcc.o(i.RCC_APB2PeriphClockCmd)
    RCC_GetClocksFreq                        0x08001699   Thumb Code   192  stm32f10x_rcc.o(i.RCC_GetClocksFreq)
    Read_MFRC522                             0x0800176d   Thumb Code   208  rc522.o(i.Read_MFRC522)
    SVC_Handler                              0x08001841   Thumb Code     2  stm32f10x_it.o(i.SVC_Handler)
    Servo_Init                               0x08001845   Thumb Code   112  servo.o(i.Servo_Init)
    SetBitMask                               0x080018b9   Thumb Code    28  rc522.o(i.SetBitMask)
    SysTick_CLKSourceConfig                  0x080019bd   Thumb Code    40  misc.o(i.SysTick_CLKSourceConfig)
    SysTick_Handler                          0x080019e5   Thumb Code     2  stm32f10x_it.o(i.SysTick_Handler)
    SystemInit                               0x080019e9   Thumb Code    78  system_stm32f10x.o(i.SystemInit)
    TIM4_IRQHandler                          0x08001a49   Thumb Code    42  timer.o(i.TIM4_IRQHandler)
    TIM_ClearITPendingBit                    0x08001a7d   Thumb Code     6  stm32f10x_tim.o(i.TIM_ClearITPendingBit)
    TIM_Cmd                                  0x08001a83   Thumb Code    24  stm32f10x_tim.o(i.TIM_Cmd)
    TIM_GetITStatus                          0x08001a9b   Thumb Code    34  stm32f10x_tim.o(i.TIM_GetITStatus)
    TIM_OC1Init                              0x08001abd   Thumb Code   132  stm32f10x_tim.o(i.TIM_OC1Init)
    TIM_SetCounter                           0x08001b55   Thumb Code     4  stm32f10x_tim.o(i.TIM_SetCounter)
    TIM_TimeBaseInit                         0x08001b59   Thumb Code   122  stm32f10x_tim.o(i.TIM_TimeBaseInit)
    USART1_Config                            0x08001bfd   Thumb Code   114  usart.o(i.USART1_Config)
    USART2_IRQHandler                        0x08001c79   Thumb Code    96  usart2.o(i.USART2_IRQHandler)
    USART_Cmd                                0x08001ce9   Thumb Code    24  stm32f10x_usart.o(i.USART_Cmd)
    USART_GetITStatus                        0x08001d01   Thumb Code    84  stm32f10x_usart.o(i.USART_GetITStatus)
    USART_Init                               0x08001d55   Thumb Code   210  stm32f10x_usart.o(i.USART_Init)
    USART_ReceiveData                        0x08001e2d   Thumb Code    10  stm32f10x_usart.o(i.USART_ReceiveData)
    USART_SendData                           0x08001e37   Thumb Code     8  stm32f10x_usart.o(i.USART_SendData)
    UsageFault_Handler                       0x08001e3f   Thumb Code     4  stm32f10x_it.o(i.UsageFault_Handler)
    Write_MFRC522                            0x08001e45   Thumb Code   210  rc522.o(i.Write_MFRC522)
    _is_digit                                0x08001f1d   Thumb Code    14  __printf_wp.o(i._is_digit)
    delay_init                               0x08001f2d   Thumb Code    52  main.o(i.delay_init)
    fputc                                    0x08001f69   Thumb Code    32  usart.o(i.fputc)
    main                                     0x08001f8d   Thumb Code   156  main.o(i.main)
    OLED_F8x16                               0x0800205c   Data        1520  oled.o(.constdata)
    __stdin_name                             0x08002685   Data           4  sys_io.o(.constdata)
    __stdout_name                            0x08002689   Data           4  sys_io.o(.constdata)
    __stderr_name                            0x0800268d   Data           4  sys_io.o(.constdata)
    Region$$Table$$Base                      0x08002694   Number         0  anon$$obj.o(Region$$Table)
    Region$$Table$$Limit                     0x080026b4   Number         0  anon$$obj.o(Region$$Table)
    t                                        0x20000018   Data           1  usart2.o(.data)
    USART2_RX_STA                            0x2000001a   Data           2  usart2.o(.data)
    __aeabi_stdin                            0x2000001c   Data           4  stdio_streams.o(.data)
    __aeabi_stdout                           0x20000020   Data           4  stdio_streams.o(.data)
    __aeabi_stderr                           0x20000024   Data           4  stdio_streams.o(.data)
    buf                                      0x20000028   Data          20  main.o(.bss)
    USART2_RX_BUF                            0x2000003c   Data        1024  usart2.o(.bss)
    USART2_TX_BUF                            0x2000043c   Data        1024  usart2.o(.bss)
    __stdin                                  0x2000083c   Data          84  stdio_streams.o(.bss)
    __stdout                                 0x20000890   Data          84  stdio_streams.o(.bss)
    __stderr                                 0x200008e4   Data          84  stdio_streams.o(.bss)
    __libspace_start                         0x20000938   Data          96  libspace.o(.bss)
    __temporary_stack_top$libspace           0x20000998   Data           0  libspace.o(.bss)



==============================================================================

Memory Map of the image

  Image Entry point : 0x080000ed

  Load Region LR_IROM1 (Base: 0x08000000, Size: 0x000026dc, Max: 0x00010000, ABSOLUTE)

    Execution Region ER_IROM1 (Base: 0x08000000, Size: 0x000026b4, Max: 0x00010000, ABSOLUTE)

    Base Addr    Size         Type   Attr      Idx    E Section Name        Object

    0x08000000   0x000000ec   Data   RO            3    RESET               startup_stm32f10x_md.o
    0x080000ec   0x00000008   Code   RO         3941  * !!!main             c_w.l(__main.o)
    0x080000f4   0x00000034   Code   RO         4364    !!!scatter          c_w.l(__scatter.o)
    0x08000128   0x0000001a   Code   RO         4366    !!handler_copy      c_w.l(__scatter_copy.o)
    0x08000142   0x00000002   PAD
    0x08000144   0x0000001c   Code   RO         4368    !!handler_zi        c_w.l(__scatter_zi.o)
    0x08000160   0x00000000   Code   RO         3926    .ARM.Collect$$_printf_percent$$00000000  c_w.l(_printf_percent.o)
    0x08000160   0x00000006   Code   RO         3924    .ARM.Collect$$_printf_percent$$0000000C  c_w.l(_printf_x.o)
    0x08000166   0x00000004   Code   RO         3979    .ARM.Collect$$_printf_percent$$00000017  c_w.l(_printf_percent_end.o)
    0x0800016a   0x00000002   Code   RO         4165    .ARM.Collect$$libinit$$00000000  c_w.l(libinit.o)
    0x0800016c   0x00000000   Code   RO         4167    .ARM.Collect$$libinit$$00000002  c_w.l(libinit2.o)
    0x0800016c   0x00000000   Code   RO         4169    .ARM.Collect$$libinit$$00000004  c_w.l(libinit2.o)
    0x0800016c   0x00000008   Code   RO         4170    .ARM.Collect$$libinit$$00000005  c_w.l(libinit2.o)
    0x08000174   0x00000000   Code   RO         4172    .ARM.Collect$$libinit$$0000000A  c_w.l(libinit2.o)
    0x08000174   0x00000000   Code   RO         4174    .ARM.Collect$$libinit$$0000000C  c_w.l(libinit2.o)
    0x08000174   0x00000000   Code   RO         4176    .ARM.Collect$$libinit$$0000000E  c_w.l(libinit2.o)
    0x08000174   0x00000000   Code   RO         4179    .ARM.Collect$$libinit$$00000011  c_w.l(libinit2.o)
    0x08000174   0x00000000   Code   RO         4181    .ARM.Collect$$libinit$$00000013  c_w.l(libinit2.o)
    0x08000174   0x00000000   Code   RO         4183    .ARM.Collect$$libinit$$00000015  c_w.l(libinit2.o)
    0x08000174   0x00000000   Code   RO         4185    .ARM.Collect$$libinit$$00000017  c_w.l(libinit2.o)
    0x08000174   0x00000000   Code   RO         4187    .ARM.Collect$$libinit$$00000019  c_w.l(libinit2.o)
    0x08000174   0x00000000   Code   RO         4189    .ARM.Collect$$libinit$$0000001B  c_w.l(libinit2.o)
    0x08000174   0x00000000   Code   RO         4191    .ARM.Collect$$libinit$$0000001D  c_w.l(libinit2.o)
    0x08000174   0x00000000   Code   RO         4193    .ARM.Collect$$libinit$$0000001F  c_w.l(libinit2.o)
    0x08000174   0x00000000   Code   RO         4195    .ARM.Collect$$libinit$$00000021  c_w.l(libinit2.o)
    0x08000174   0x00000000   Code   RO         4197    .ARM.Collect$$libinit$$00000023  c_w.l(libinit2.o)
    0x08000174   0x00000004   Code   RO         4198    .ARM.Collect$$libinit$$00000024  c_w.l(libinit2.o)
    0x08000178   0x00000000   Code   RO         4199    .ARM.Collect$$libinit$$00000025  c_w.l(libinit2.o)
    0x08000178   0x00000000   Code   RO         4203    .ARM.Collect$$libinit$$0000002C  c_w.l(libinit2.o)
    0x08000178   0x00000000   Code   RO         4205    .ARM.Collect$$libinit$$0000002E  c_w.l(libinit2.o)
    0x08000178   0x00000000   Code   RO         4207    .ARM.Collect$$libinit$$00000030  c_w.l(libinit2.o)
    0x08000178   0x00000000   Code   RO         4209    .ARM.Collect$$libinit$$00000032  c_w.l(libinit2.o)
    0x08000178   0x00000002   Code   RO         4210    .ARM.Collect$$libinit$$00000033  c_w.l(libinit2.o)
    0x0800017a   0x00000002   Code   RO         4343    .ARM.Collect$$libshutdown$$00000000  c_w.l(libshutdown.o)
    0x0800017c   0x00000000   Code   RO         4212    .ARM.Collect$$libshutdown$$00000002  c_w.l(libshutdown2.o)
    0x0800017c   0x00000004   Code   RO         4213    .ARM.Collect$$libshutdown$$00000003  c_w.l(libshutdown2.o)
    0x08000180   0x00000000   Code   RO         4214    .ARM.Collect$$libshutdown$$00000004  c_w.l(libshutdown2.o)
    0x08000180   0x00000000   Code   RO         4217    .ARM.Collect$$libshutdown$$00000007  c_w.l(libshutdown2.o)
    0x08000180   0x00000000   Code   RO         4220    .ARM.Collect$$libshutdown$$0000000A  c_w.l(libshutdown2.o)
    0x08000180   0x00000000   Code   RO         4222    .ARM.Collect$$libshutdown$$0000000C  c_w.l(libshutdown2.o)
    0x08000180   0x00000000   Code   RO         4225    .ARM.Collect$$libshutdown$$0000000F  c_w.l(libshutdown2.o)
    0x08000180   0x00000002   Code   RO         4226    .ARM.Collect$$libshutdown$$00000010  c_w.l(libshutdown2.o)
    0x08000182   0x00000000   Code   RO         3943    .ARM.Collect$$rtentry$$00000000  c_w.l(__rtentry.o)
    0x08000182   0x00000000   Code   RO         4004    .ARM.Collect$$rtentry$$00000002  c_w.l(__rtentry2.o)
    0x08000182   0x00000006   Code   RO         4016    .ARM.Collect$$rtentry$$00000004  c_w.l(__rtentry4.o)
    0x08000188   0x00000000   Code   RO         4006    .ARM.Collect$$rtentry$$00000009  c_w.l(__rtentry2.o)
    0x08000188   0x00000004   Code   RO         4007    .ARM.Collect$$rtentry$$0000000A  c_w.l(__rtentry2.o)
    0x0800018c   0x00000000   Code   RO         4009    .ARM.Collect$$rtentry$$0000000C  c_w.l(__rtentry2.o)
    0x0800018c   0x00000008   Code   RO         4010    .ARM.Collect$$rtentry$$0000000D  c_w.l(__rtentry2.o)
    0x08000194   0x00000002   Code   RO         4238    .ARM.Collect$$rtexit$$00000000  c_w.l(rtexit.o)
    0x08000196   0x00000000   Code   RO         4289    .ARM.Collect$$rtexit$$00000002  c_w.l(rtexit2.o)
    0x08000196   0x00000004   Code   RO         4290    .ARM.Collect$$rtexit$$00000003  c_w.l(rtexit2.o)
    0x0800019a   0x00000006   Code   RO         4291    .ARM.Collect$$rtexit$$00000004  c_w.l(rtexit2.o)
    0x080001a0   0x00000000   Code   RO         4295    .emb_text           c_w.l(maybetermalloc1.o)
    0x080001a0   0x00000040   Code   RO            4    .text               startup_stm32f10x_md.o
    0x080001e0   0x00000018   Code   RO         3866    .text               c_w.l(__2printf.o)
    0x080001f8   0x0000004e   Code   RO         3876    .text               c_w.l(_printf_pad.o)
    0x08000246   0x00000002   PAD
    0x08000248   0x00000094   Code   RO         3900    .text               c_w.l(_printf_hex_int_ll_ptr.o)
    0x080002dc   0x00000188   Code   RO         3920    .text               c_w.l(__printf_flags_ss_wp.o)
    0x08000464   0x0000003e   Code   RO         3933    .text               c_w.l(strlen.o)
    0x080004a2   0x00000006   Code   RO         3939    .text               c_w.l(heapauxi.o)
    0x080004a8   0x000000b2   Code   RO         3946    .text               c_w.l(_printf_intcommon.o)
    0x0800055a   0x00000002   PAD
    0x0800055c   0x00000030   Code   RO         3950    .text               c_w.l(_printf_char_common.o)
    0x0800058c   0x00000024   Code   RO         3956    .text               c_w.l(_printf_char_file.o)
    0x080005b0   0x00000008   Code   RO         4029    .text               c_w.l(ferror.o)
    0x080005b8   0x00000138   Code   RO         4031    .text               c_w.l(initio.o)
    0x080006f0   0x00000066   Code   RO         4039    .text               c_w.l(sys_io.o)
    0x08000756   0x0000004a   Code   RO         4046    .text               c_w.l(sys_stackheap_outer.o)
    0x080007a0   0x0000004e   Code   RO         4057    .text               c_w.l(h1_free.o)
    0x080007ee   0x00000046   Code   RO         4138    .text               c_w.l(setvbuf.o)
    0x08000834   0x000000ec   Code   RO         4141    .text               c_w.l(fopen.o)
    0x08000920   0x0000004c   Code   RO         4143    .text               c_w.l(fclose.o)
    0x0800096c   0x00000012   Code   RO         4152    .text               c_w.l(exit.o)
    0x0800097e   0x0000000e   Code   RO         4154    .text               c_w.l(defsig_rtred_outer.o)
    0x0800098c   0x0000004e   Code   RO         4158    .text               c_w.l(rt_memclr_w.o)
    0x080009da   0x00000002   PAD
    0x080009dc   0x00000008   Code   RO         4232    .text               c_w.l(libspace.o)
    0x080009e4   0x00000002   Code   RO         4235    .text               c_w.l(use_no_semi.o)
    0x080009e6   0x00000000   Code   RO         4237    .text               c_w.l(indicate_semi.o)
    0x080009e6   0x00000002   PAD
    0x080009e8   0x00000008   Code   RO         4245    .text               c_w.l(rt_heap_descriptor_intlibspace.o)
    0x080009f0   0x00000004   Code   RO         4247    .text               c_w.l(hguard.o)
    0x080009f4   0x0000008a   Code   RO         4249    .text               c_w.l(init_alloc.o)
    0x08000a7e   0x0000005e   Code   RO         4255    .text               c_w.l(h1_alloc.o)
    0x08000adc   0x000000f8   Code   RO         4269    .text               c_w.l(fseek.o)
    0x08000bd4   0x000000f0   Code   RO         4271    .text               c_w.l(stdio.o)
    0x08000cc4   0x0000000a   Code   RO         4276    .text               c_w.l(defsig_exit.o)
    0x08000cce   0x00000002   PAD
    0x08000cd0   0x00000034   Code   RO         4278    .text               c_w.l(defsig_rtred_inner.o)
    0x08000d04   0x0000000c   Code   RO         4286    .text               c_w.l(sys_exit.o)
    0x08000d10   0x0000000e   Code   RO         4297    .text               c_w.l(h1_init.o)
    0x08000d1e   0x00000034   Code   RO         4299    .text               c_w.l(h1_extend.o)
    0x08000d52   0x00000042   Code   RO         4305    .text               c_w.l(ftell.o)
    0x08000d94   0x00000032   Code   RO         4309    .text               c_w.l(defsig_general.o)
    0x08000dc6   0x0000000e   Code   RO         4311    .text               c_w.l(defsig_rtmem_outer.o)
    0x08000dd4   0x0000000e   Code   RO         4324    .text               c_w.l(sys_wrch.o)
    0x08000de2   0x00000002   PAD
    0x08000de4   0x00000008   Code   RO         4331    .text               c_w.l(rt_errno_addr_intlibspace.o)
    0x08000dec   0x00000050   Code   RO         4337    .text               c_w.l(defsig_rtmem_inner.o)
    0x08000e3c   0x00000004   Code   RO         3238    i.BusFault_Handler  stm32f10x_it.o
    0x08000e40   0x0000002c   Code   RO         3302    i.Buzzer_Init       buzzer.o
    0x08000e6c   0x0000001c   Code   RO         3434    i.ClearBitMask      rc522.o
    0x08000e88   0x00000002   Code   RO         3239    i.DebugMon_Handler  stm32f10x_it.o
    0x08000e8a   0x0000002e   Code   RO         3585    i.Delay_us          delay.o
    0x08000eb8   0x00000116   Code   RO         1347    i.GPIO_Init         stm32f10x_gpio.o
    0x08000fce   0x00000012   Code   RO         1351    i.GPIO_ReadInputDataBit  stm32f10x_gpio.o
    0x08000fe0   0x00000004   Code   RO         1354    i.GPIO_ResetBits    stm32f10x_gpio.o
    0x08000fe4   0x00000004   Code   RO         1355    i.GPIO_SetBits      stm32f10x_gpio.o
    0x08000fe8   0x0000000a   Code   RO         1358    i.GPIO_WriteBit     stm32f10x_gpio.o
    0x08000ff2   0x00000004   Code   RO         3240    i.HardFault_Handler  stm32f10x_it.o
    0x08000ff6   0x0000000c   Code   RO         3435    i.MFRC522_AntennaOff  rc522.o
    0x08001002   0x0000001a   Code   RO         3436    i.MFRC522_AntennaOn  rc522.o
    0x0800101c   0x00000072   Code   RO         3437    i.MFRC522_Anticoll  rc522.o
    0x0800108e   0x00000002   PAD
    0x08001090   0x00000098   Code   RO         3440    i.MFRC522_Init      rc522.o
    0x08001128   0x00000056   Code   RO         3442    i.MFRC522_Request   rc522.o
    0x0800117e   0x00000002   PAD
    0x08001180   0x00000084   Code   RO         3443    i.MFRC522_Reset     rc522.o
    0x08001204   0x0000013a   Code   RO         3445    i.MFRC522_ToCard    rc522.o
    0x0800133e   0x00000004   Code   RO         3241    i.MemManage_Handler  stm32f10x_it.o
    0x08001342   0x00000002   Code   RO         3242    i.NMI_Handler       stm32f10x_it.o
    0x08001344   0x0000002a   Code   RO         3325    i.OLED_Clear        oled.o
    0x0800136e   0x00000002   PAD
    0x08001370   0x00000050   Code   RO         3326    i.OLED_I2C_Init     oled.o
    0x080013c0   0x0000005c   Code   RO         3327    i.OLED_I2C_SendByte  oled.o
    0x0800141c   0x00000034   Code   RO         3328    i.OLED_I2C_Start    oled.o
    0x08001450   0x00000028   Code   RO         3329    i.OLED_I2C_Stop     oled.o
    0x08001478   0x000000ae   Code   RO         3330    i.OLED_Init         oled.o
    0x08001526   0x00000014   Code   RO         3331    i.OLED_Pow          oled.o
    0x0800153a   0x00000022   Code   RO         3332    i.OLED_SetCursor    oled.o
    0x0800155c   0x00000074   Code   RO         3334    i.OLED_ShowChar     oled.o
    0x080015d0   0x00000044   Code   RO         3336    i.OLED_ShowNum      oled.o
    0x08001614   0x00000020   Code   RO         3339    i.OLED_WriteCommand  oled.o
    0x08001634   0x00000020   Code   RO         3340    i.OLED_WriteData    oled.o
    0x08001654   0x00000002   Code   RO         3243    i.PendSV_Handler    stm32f10x_it.o
    0x08001656   0x00000002   PAD
    0x08001658   0x00000020   Code   RO         1775    i.RCC_APB1PeriphClockCmd  stm32f10x_rcc.o
    0x08001678   0x00000020   Code   RO         1777    i.RCC_APB2PeriphClockCmd  stm32f10x_rcc.o
    0x08001698   0x000000d4   Code   RO         1785    i.RCC_GetClocksFreq  stm32f10x_rcc.o
    0x0800176c   0x000000d4   Code   RO         3447    i.Read_MFRC522      rc522.o
    0x08001840   0x00000002   Code   RO         3244    i.SVC_Handler       stm32f10x_it.o
    0x08001842   0x00000002   PAD
    0x08001844   0x00000074   Code   RO         3562    i.Servo_Init        servo.o
    0x080018b8   0x0000001c   Code   RO         3448    i.SetBitMask        rc522.o
    0x080018d4   0x00000008   Code   RO           24    i.SetSysClock       system_stm32f10x.o
    0x080018dc   0x000000e0   Code   RO           25    i.SetSysClockTo72   system_stm32f10x.o
    0x080019bc   0x00000028   Code   RO          141    i.SysTick_CLKSourceConfig  misc.o
    0x080019e4   0x00000002   Code   RO         3245    i.SysTick_Handler   stm32f10x_it.o
    0x080019e6   0x00000002   PAD
    0x080019e8   0x00000060   Code   RO           27    i.SystemInit        system_stm32f10x.o
    0x08001a48   0x00000034   Code   RO         3843    i.TIM4_IRQHandler   timer.o
    0x08001a7c   0x00000006   Code   RO         2416    i.TIM_ClearITPendingBit  stm32f10x_tim.o
    0x08001a82   0x00000018   Code   RO         2421    i.TIM_Cmd           stm32f10x_tim.o
    0x08001a9a   0x00000022   Code   RO         2442    i.TIM_GetITStatus   stm32f10x_tim.o
    0x08001abc   0x00000098   Code   RO         2450    i.TIM_OC1Init       stm32f10x_tim.o
    0x08001b54   0x00000004   Code   RO         2486    i.TIM_SetCounter    stm32f10x_tim.o
    0x08001b58   0x000000a4   Code   RO         2492    i.TIM_TimeBaseInit  stm32f10x_tim.o
    0x08001bfc   0x0000007c   Code   RO         3607    i.USART1_Config     usart.o
    0x08001c78   0x00000070   Code   RO         3796    i.USART2_IRQHandler  usart2.o
    0x08001ce8   0x00000018   Code   RO         2960    i.USART_Cmd         stm32f10x_usart.o
    0x08001d00   0x00000054   Code   RO         2964    i.USART_GetITStatus  stm32f10x_usart.o
    0x08001d54   0x000000d8   Code   RO         2967    i.USART_Init        stm32f10x_usart.o
    0x08001e2c   0x0000000a   Code   RO         2974    i.USART_ReceiveData  stm32f10x_usart.o
    0x08001e36   0x00000008   Code   RO         2977    i.USART_SendData    stm32f10x_usart.o
    0x08001e3e   0x00000004   Code   RO         3246    i.UsageFault_Handler  stm32f10x_it.o
    0x08001e42   0x00000002   PAD
    0x08001e44   0x000000d8   Code   RO         3449    i.Write_MFRC522     rc522.o
    0x08001f1c   0x0000000e   Code   RO         3913    i._is_digit         c_w.l(__printf_wp.o)
    0x08001f2a   0x00000002   PAD
    0x08001f2c   0x0000003c   Code   RO         3196    i.delay_init        main.o
    0x08001f68   0x00000024   Code   RO         3608    i.fputc             usart.o
    0x08001f8c   0x000000d0   Code   RO         3197    i.main              main.o
    0x0800205c   0x000005f0   Data   RO         3341    .constdata          oled.o
    0x0800264c   0x00000028   Data   RO         3901    .constdata          c_w.l(_printf_hex_int_ll_ptr.o)
    0x08002674   0x00000011   Data   RO         3921    .constdata          c_w.l(__printf_flags_ss_wp.o)
    0x08002685   0x00000004   Data   RO         4040    .constdata          c_w.l(sys_io.o)
    0x08002689   0x00000004   Data   RO         4041    .constdata          c_w.l(sys_io.o)
    0x0800268d   0x00000004   Data   RO         4042    .constdata          c_w.l(sys_io.o)
    0x08002691   0x00000003   PAD
    0x08002694   0x00000020   Data   RO         4362    Region$$Table       anon$$obj.o


    Execution Region RW_IRAM1 (Base: 0x20000000, Size: 0x00000f98, Max: 0x00005000, ABSOLUTE)

    Base Addr    Size         Type   Attr      Idx    E Section Name        Object

    0x20000000   0x00000014   Data   RW         1805    .data               stm32f10x_rcc.o
    0x20000014   0x00000004   Data   RW         3199    .data               main.o
    0x20000018   0x00000004   Data   RW         3801    .data               usart2.o
    0x2000001c   0x00000004   Data   RW         3992    .data               c_w.l(stdio_streams.o)
    0x20000020   0x00000004   Data   RW         3993    .data               c_w.l(stdio_streams.o)
    0x20000024   0x00000004   Data   RW         3994    .data               c_w.l(stdio_streams.o)
    0x20000028   0x00000014   Zero   RW         3198    .bss                main.o
    0x2000003c   0x00000800   Zero   RW         3800    .bss                usart2.o
    0x2000083c   0x00000054   Zero   RW         3989    .bss                c_w.l(stdio_streams.o)
    0x20000890   0x00000054   Zero   RW         3990    .bss                c_w.l(stdio_streams.o)
    0x200008e4   0x00000054   Zero   RW         3991    .bss                c_w.l(stdio_streams.o)
    0x20000938   0x00000060   Zero   RW         4233    .bss                c_w.l(libspace.o)
    0x20000998   0x00000200   Zero   RW            2    HEAP                startup_stm32f10x_md.o
    0x20000b98   0x00000400   Zero   RW            1    STACK               startup_stm32f10x_md.o


==============================================================================

Image component sizes


      Code (inc. data)   RO Data    RW Data    ZI Data      Debug   Object Name

        44          4          0          0          0        418   buzzer.o
         0          0          0          0          0       4500   core_cm3.o
        46          0          0          0          0        403   delay.o
       268         60          0          4         20       1558   main.o
        40          0          0          0          0     202066   misc.o
       782         22       1520          0          0       6219   oled.o
      1320         26          0          0          0       6645   rc522.o
       116          4          0          0          0        529   servo.o
        64         26        236          0       1536        776   startup_stm32f10x_md.o
       314          0          0          0          0      11980   stm32f10x_gpio.o
        26          0          0          0          0       3290   stm32f10x_it.o
       276         32          0         20          0      12662   stm32f10x_rcc.o
       384         62          0          0          0      23886   stm32f10x_tim.o
       342          6          0          0          0      10126   stm32f10x_usart.o
       328         28          0          0          0      44817   system_stm32f10x.o
        52         10          0          0          0        402   timer.o
       160         14          0          0          0       2784   usart.o
       112         16          0          4       2048       1034   usart2.o

    ----------------------------------------------------------------------
      4688        310       1788         28       3604     334095   Object Totals
         0          0         32          0          0          0   (incl. Generated)
        14          0          0          0          0          0   (incl. Padding)

    ----------------------------------------------------------------------

      Code (inc. data)   RO Data    RW Data    ZI Data      Debug   Library Member Name

        24          4          0          0          0         84   __2printf.o
         8          0          0          0          0         68   __main.o
       392          4         17          0          0         92   __printf_flags_ss_wp.o
        14          0          0          0          0         68   __printf_wp.o
         0          0          0          0          0          0   __rtentry.o
        12          0          0          0          0          0   __rtentry2.o
         6          0          0          0          0          0   __rtentry4.o
        52          8          0          0          0          0   __scatter.o
        26          0          0          0          0          0   __scatter_copy.o
        28          0          0          0          0          0   __scatter_zi.o
        48          6          0          0          0         96   _printf_char_common.o
        36          4          0          0          0         80   _printf_char_file.o
       148          4         40          0          0        160   _printf_hex_int_ll_ptr.o
       178          0          0          0          0         88   _printf_intcommon.o
        78          0          0          0          0        108   _printf_pad.o
         0          0          0          0          0          0   _printf_percent.o
         4          0          0          0          0          0   _printf_percent_end.o
         6          0          0          0          0          0   _printf_x.o
        10          0          0          0          0         68   defsig_exit.o
        50          0          0          0          0         88   defsig_general.o
        80         58          0          0          0         76   defsig_rtmem_inner.o
        14          0          0          0          0         80   defsig_rtmem_outer.o
        52         38          0          0          0         76   defsig_rtred_inner.o
        14          0          0          0          0         80   defsig_rtred_outer.o
        18          0          0          0          0         80   exit.o
        76          0          0          0          0         88   fclose.o
         8          0          0          0          0         68   ferror.o
       236          4          0          0          0        128   fopen.o
       248          6          0          0          0         84   fseek.o
        66          0          0          0          0         76   ftell.o
        94          0          0          0          0         80   h1_alloc.o
        52          0          0          0          0         68   h1_extend.o
        78          0          0          0          0         80   h1_free.o
        14          0          0          0          0         84   h1_init.o
         6          0          0          0          0        152   heapauxi.o
         4          0          0          0          0        136   hguard.o
         0          0          0          0          0          0   indicate_semi.o
       138          0          0          0          0        168   init_alloc.o
       312         46          0          0          0        112   initio.o
         2          0          0          0          0          0   libinit.o
        14          0          0          0          0          0   libinit2.o
         2          0          0          0          0          0   libshutdown.o
         6          0          0          0          0          0   libshutdown2.o
         8          4          0          0         96         68   libspace.o
         0          0          0          0          0          0   maybetermalloc1.o
         8          4          0          0          0         68   rt_errno_addr_intlibspace.o
         8          4          0          0          0         68   rt_heap_descriptor_intlibspace.o
        78          0          0          0          0         80   rt_memclr_w.o
         2          0          0          0          0          0   rtexit.o
        10          0          0          0          0          0   rtexit2.o
        70          0          0          0          0         80   setvbuf.o
       240          6          0          0          0        156   stdio.o
         0          0          0         12        252          0   stdio_streams.o
        62          0          0          0          0         76   strlen.o
        12          4          0          0          0         68   sys_exit.o
       102          0         12          0          0        240   sys_io.o
        74          0          0          0          0         80   sys_stackheap_outer.o
        14          0          0          0          0         76   sys_wrch.o
         2          0          0          0          0         68   use_no_semi.o

    ----------------------------------------------------------------------
      3360        204         72         12        348       3844   Library Totals
        16          0          3          0          0          0   (incl. Padding)

    ----------------------------------------------------------------------

      Code (inc. data)   RO Data    RW Data    ZI Data      Debug   Library Name

      3344        204         69         12        348       3844   c_w.l

    ----------------------------------------------------------------------
      3360        204         72         12        348       3844   Library Totals

    ----------------------------------------------------------------------

==============================================================================


      Code (inc. data)   RO Data    RW Data    ZI Data      Debug   

      8048        514       1860         40       3952     332839   Grand Totals
      8048        514       1860         40       3952     332839   ELF Image Totals
      8048        514       1860         40          0          0   ROM Totals

==============================================================================

    Total RO  Size (Code + RO Data)                 9908 (   9.68kB)
    Total RW  Size (RW Data + ZI Data)              3992 (   3.90kB)
    Total ROM Size (Code + RO Data + RW Data)       9948 (   9.71kB)

==============================================================================

